
Discarded input sections

 .comment       0x0000000000000000       0x2f build/controllerDriver.o
 .comment       0x0000000000000000       0x2f build/framebuffer.o
 .comment       0x0000000000000000       0x2f build/main.o
 .comment       0x0000000000000000       0x2f build/mbox.o
 .comment       0x0000000000000000       0x2f build/ssp.o
 .comment       0x0000000000000000       0x2f build/uart.o

Memory Configuration

Name             Origin             Length             Attributes
*default*        0x0000000000000000 0xffffffffffffffff

Linker script and memory map

LOAD build/start.o
LOAD build/controllerDriver.o
LOAD build/framebuffer.o
LOAD build/main.o
LOAD build/mbox.o
LOAD build/ssp.o
LOAD build/uart.o
                0x0000000000080000                . = 0x80000

.text           0x0000000000080000     0x1020
 *(.text.boot)
 .text.boot     0x0000000000080000       0x50 build/start.o
                0x0000000000080000                _start
 *(.text .text.* .gnu.linkonce.t*)
 .text          0x0000000000080050        0x0 build/start.o
 .text          0x0000000000080050      0x3c8 build/controllerDriver.o
                0x0000000000080050                initGPIO
                0x0000000000080150                writeLatch
                0x0000000000080194                writeClock
                0x00000000000801d8                readData
                0x00000000000801f0                wait
                0x0000000000080240                readSNES
                0x00000000000802d4                getSNES
                0x00000000000803c0                initSNES
 .text          0x0000000000080418      0x5d4 build/framebuffer.o
                0x0000000000080418                init_framebuffer
                0x000000000008071c                drawPixel
                0x0000000000080778                fillScreen
                0x00000000000807fc                drawRect
                0x00000000000808ec                drawImage
 .text          0x00000000000809ec      0x260 build/main.o
                0x00000000000809ec                printf
                0x0000000000080a0c                updateTimeRem
                0x0000000000080a14                updatePlayerPos
                0x0000000000080a1c                drawMap
                0x0000000000080a24                drawUI
                0x0000000000080a2c                drawEntitiy
                0x0000000000080a34                checkCollision
                0x0000000000080a3c                main
                0x0000000000080aa8                menu
 .text          0x0000000000080c4c       0xac build/mbox.o
                0x0000000000080c4c                mbox_call
 .text          0x0000000000080cf8       0x1c build/ssp.o
                0x0000000000080cf8                __stack_chk_fail
 .text          0x0000000000080d14      0x30c build/uart.o
                0x0000000000080d14                spin_for_cycles
                0x0000000000080d48                uart_init
                0x0000000000080eb4                uart_send
                0x0000000000080ef4                uart_getc
                0x0000000000080f44                uart_puts
                0x0000000000080fa0                uart_hex

.iplt           0x0000000000081020        0x0
 .iplt          0x0000000000081020        0x0 build/start.o

.rodata         0x0000000000081020    0xed062
 *(.rodata .rodata.* .gnu.linkonce.r*)
 .rodata        0x0000000000081020    0xed040 build/main.o
 .rodata        0x000000000016e060       0x22 build/ssp.o
                [!provide]                        PROVIDE (_data = .)

.rela.dyn       0x000000000016e088        0x0
 .rela.iplt     0x000000000016e088        0x0 build/start.o
 .rela.text.boot
                0x000000000016e088        0x0 build/start.o

.data           0x000000000016e088       0x30
 *(.data .data.* .gnu.linkonce.d*)
 .data          0x000000000016e088        0x0 build/start.o
 .data          0x000000000016e088       0x30 build/controllerDriver.o
                0x000000000016e088                gpfs
 .data          0x000000000016e0b8        0x0 build/framebuffer.o
 .data          0x000000000016e0b8        0x0 build/main.o
 .data          0x000000000016e0b8        0x0 build/mbox.o
 .data          0x000000000016e0b8        0x0 build/ssp.o
 .data          0x000000000016e0b8        0x0 build/uart.o

.igot.plt       0x000000000016e0b8        0x0
 .igot.plt      0x000000000016e0b8        0x0 build/start.o

.bss            0x000000000016e0c0       0xc0
                0x000000000016e0c0                . = ALIGN (0x10)
                0x000000000016e0c0                __bss_start = .
 *(.bss .bss.*)
 .bss           0x000000000016e0c0        0x0 build/start.o
 .bss           0x000000000016e0c0        0x8 build/controllerDriver.o
                0x000000000016e0c0                current
                0x000000000016e0c4                previous
 .bss           0x000000000016e0c8       0x18 build/framebuffer.o
                0x000000000016e0c8                width
                0x000000000016e0cc                height
                0x000000000016e0d0                pitch
                0x000000000016e0d8                framebuffer
 .bss           0x000000000016e0e0        0x4 build/main.o
                0x000000000016e0e0                pressedButtons
 *fill*         0x000000000016e0e4        0xc 
 .bss           0x000000000016e0f0       0x90 build/mbox.o
                0x000000000016e0f0                mbox
 .bss           0x000000000016e180        0x0 build/ssp.o
 .bss           0x000000000016e180        0x0 build/uart.o
 *(COMMON)
                0x000000000016e180                __bss_end = .
                0x000000000016e180                _end = .

/DISCARD/
 *(.comment)
 *(.gnu*)
 *(.note*)
 *(.eh_frame*)
                0x0000000000000018                __bss_size = ((__bss_end - __bss_start) >> 0x3)
OUTPUT(kernel8.elf elf64-littleaarch64)
LOAD linker stubs

.debug_info     0x0000000000000000      0xc73
 .debug_info    0x0000000000000000      0x271 build/controllerDriver.o
 .debug_info    0x0000000000000271      0x347 build/framebuffer.o
 .debug_info    0x00000000000005b8      0x3f0 build/main.o
 .debug_info    0x00000000000009a8       0xba build/mbox.o
 .debug_info    0x0000000000000a62       0x68 build/ssp.o
 .debug_info    0x0000000000000aca      0x1a9 build/uart.o

.debug_abbrev   0x0000000000000000      0x605
 .debug_abbrev  0x0000000000000000      0x130 build/controllerDriver.o
 .debug_abbrev  0x0000000000000130      0x132 build/framebuffer.o
 .debug_abbrev  0x0000000000000262      0x185 build/main.o
 .debug_abbrev  0x00000000000003e7       0x98 build/mbox.o
 .debug_abbrev  0x000000000000047f       0x60 build/ssp.o
 .debug_abbrev  0x00000000000004df      0x126 build/uart.o

.debug_aranges  0x0000000000000000      0x120
 .debug_aranges
                0x0000000000000000       0x30 build/controllerDriver.o
 .debug_aranges
                0x0000000000000030       0x30 build/framebuffer.o
 .debug_aranges
                0x0000000000000060       0x30 build/main.o
 .debug_aranges
                0x0000000000000090       0x30 build/mbox.o
 .debug_aranges
                0x00000000000000c0       0x30 build/ssp.o
 .debug_aranges
                0x00000000000000f0       0x30 build/uart.o

.debug_line     0x0000000000000000      0x788
 .debug_line    0x0000000000000000      0x19e build/controllerDriver.o
 .debug_line    0x000000000000019e      0x1e6 build/framebuffer.o
 .debug_line    0x0000000000000384      0x194 build/main.o
 .debug_line    0x0000000000000518       0x9b build/mbox.o
 .debug_line    0x00000000000005b3       0x5c build/ssp.o
 .debug_line    0x000000000000060f      0x179 build/uart.o

.debug_str      0x0000000000000000      0x2e5
 .debug_str     0x0000000000000000       0xe5 build/controllerDriver.o
                                         0xf2 (size before relaxing)
 .debug_str     0x00000000000000e5       0x9c build/framebuffer.o
                                        0x10f (size before relaxing)
 .debug_str     0x0000000000000181      0x11c build/main.o
                                        0x1db (size before relaxing)
 .debug_str     0x000000000000029d       0x7e build/mbox.o
 .debug_str     0x000000000000029d       0x11 build/ssp.o
                                         0x62 (size before relaxing)
 .debug_str     0x00000000000002ae       0x37 build/uart.o
                                         0xc4 (size before relaxing)

.debug_line_str
                0x0000000000000000      0x130
 .debug_line_str
                0x0000000000000000       0x58 build/controllerDriver.o
                                         0xb5 (size before relaxing)
 .debug_line_str
                0x0000000000000058       0x1c build/framebuffer.o
                                         0xad (size before relaxing)
 .debug_line_str
                0x0000000000000074       0x93 build/main.o
                                        0x116 (size before relaxing)
 .debug_line_str
                0x0000000000000107        0xe build/mbox.o
                                         0x91 (size before relaxing)
 .debug_line_str
                0x0000000000000115        0xd build/ssp.o
                                         0x95 (size before relaxing)
 .debug_line_str
                0x0000000000000122        0xe build/uart.o
                                         0x98 (size before relaxing)

.debug_frame    0x0000000000000000      0x458
 .debug_frame   0x0000000000000000      0x120 build/controllerDriver.o
 .debug_frame   0x0000000000000120       0xd0 build/framebuffer.o
 .debug_frame   0x00000000000001f0      0x118 build/main.o
 .debug_frame   0x0000000000000308       0x30 build/mbox.o
 .debug_frame   0x0000000000000338       0x30 build/ssp.o
 .debug_frame   0x0000000000000368       0xf0 build/uart.o
