
Discarded input sections

 .comment       0x0000000000000000       0x13 build/controllerDriver.o
 .comment       0x0000000000000000       0x13 build/framebuffer.o
 .comment       0x0000000000000000       0x13 build/main.o
 .comment       0x0000000000000000       0x13 build/mbox.o
 .comment       0x0000000000000000       0x13 build/ssp.o
 .comment       0x0000000000000000       0x13 build/uart.o

Memory Configuration

Name             Origin             Length             Attributes
*default*        0x0000000000000000 0xffffffffffffffff

Linker script and memory map

LOAD build/start.o
LOAD build/controllerDriver.o
LOAD build/framebuffer.o
LOAD build/main.o
LOAD build/mbox.o
LOAD build/ssp.o
LOAD build/uart.o
                0x0000000000080000                . = 0x80000

.text           0x0000000000080000      0xe40
 *(.text.boot)
 .text.boot     0x0000000000080000       0x50 build/start.o
                0x0000000000080000                _start
 *(.text .text.* .gnu.linkonce.t*)
 .text          0x0000000000080050        0x0 build/start.o
 .text          0x0000000000080050      0x3c8 build/controllerDriver.o
                0x0000000000080050                initGPIO
                0x0000000000080150                writeLatch
                0x0000000000080194                writeClock
                0x00000000000801d8                readData
                0x00000000000801f0                wait
                0x0000000000080240                readSNES
                0x00000000000802d4                getSNES
                0x00000000000803c0                initSNES
 .text          0x0000000000080418      0x5d4 build/framebuffer.o
                0x0000000000080418                init_framebuffer
                0x000000000008071c                drawPixel
                0x0000000000080778                fillScreen
                0x00000000000807fc                drawRect
                0x00000000000808ec                drawImage
 .text          0x00000000000809ec       0x80 build/main.o
                0x00000000000809ec                printf
                0x0000000000080a0c                main
                0x0000000000080a54                drawBackground
                0x0000000000080a5c                drawUI
                0x0000000000080a64                drawEntitiy
 .text          0x0000000000080a6c       0xac build/mbox.o
                0x0000000000080a6c                mbox_call
 .text          0x0000000000080b18       0x1c build/ssp.o
                0x0000000000080b18                __stack_chk_fail
 .text          0x0000000000080b34      0x30c build/uart.o
                0x0000000000080b34                spin_for_cycles
                0x0000000000080b68                uart_init
                0x0000000000080cd4                uart_send
                0x0000000000080d14                uart_getc
                0x0000000000080d64                uart_puts
                0x0000000000080dc0                uart_hex

.iplt           0x0000000000080e40        0x0
 .iplt          0x0000000000080e40        0x0 build/start.o

.rodata         0x0000000000080e40    0x3b432
 *(.rodata .rodata.* .gnu.linkonce.r*)
 .rodata        0x0000000000080e40    0x3b410 build/main.o
 .rodata        0x00000000000bc250       0x22 build/ssp.o
                [!provide]                        PROVIDE (_data = .)

.rela.dyn       0x00000000000bc278        0x0
 .rela.iplt     0x00000000000bc278        0x0 build/start.o
 .rela.text.boot
                0x00000000000bc278        0x0 build/start.o

.data           0x00000000000bc278       0x30
 *(.data .data.* .gnu.linkonce.d*)
 .data          0x00000000000bc278        0x0 build/start.o
 .data          0x00000000000bc278       0x30 build/controllerDriver.o
                0x00000000000bc278                gpfs
 .data          0x00000000000bc2a8        0x0 build/framebuffer.o
 .data          0x00000000000bc2a8        0x0 build/main.o
 .data          0x00000000000bc2a8        0x0 build/mbox.o
 .data          0x00000000000bc2a8        0x0 build/ssp.o
 .data          0x00000000000bc2a8        0x0 build/uart.o

.igot.plt       0x00000000000bc2a8        0x0
 .igot.plt      0x00000000000bc2a8        0x0 build/start.o

.bss            0x00000000000bc2b0       0xc0
                0x00000000000bc2b0                . = ALIGN (0x10)
                0x00000000000bc2b0                __bss_start = .
 *(.bss .bss.*)
 .bss           0x00000000000bc2b0        0x0 build/start.o
 .bss           0x00000000000bc2b0        0x8 build/controllerDriver.o
                0x00000000000bc2b0                current
                0x00000000000bc2b4                previous
 .bss           0x00000000000bc2b8       0x18 build/framebuffer.o
                0x00000000000bc2b8                width
                0x00000000000bc2bc                height
                0x00000000000bc2c0                pitch
                0x00000000000bc2c8                framebuffer
 .bss           0x00000000000bc2d0        0x4 build/main.o
                0x00000000000bc2d0                pressedButtons
 *fill*         0x00000000000bc2d4        0xc 
 .bss           0x00000000000bc2e0       0x90 build/mbox.o
                0x00000000000bc2e0                mbox
 .bss           0x00000000000bc370        0x0 build/ssp.o
 .bss           0x00000000000bc370        0x0 build/uart.o
 *(COMMON)
                0x00000000000bc370                __bss_end = .
                0x00000000000bc370                _end = .

/DISCARD/
 *(.comment)
 *(.gnu*)
 *(.note*)
 *(.eh_frame*)
                0x0000000000000018                __bss_size = ((__bss_end - __bss_start) >> 0x3)
OUTPUT(kernel8.elf elf64-littleaarch64)
LOAD linker stubs

.debug_info     0x0000000000000000      0xa69
 .debug_info    0x0000000000000000      0x271 build/controllerDriver.o
 .debug_info    0x0000000000000271      0x347 build/framebuffer.o
 .debug_info    0x00000000000005b8      0x1e6 build/main.o
 .debug_info    0x000000000000079e       0xba build/mbox.o
 .debug_info    0x0000000000000858       0x68 build/ssp.o
 .debug_info    0x00000000000008c0      0x1a9 build/uart.o

.debug_abbrev   0x0000000000000000      0x5eb
 .debug_abbrev  0x0000000000000000      0x130 build/controllerDriver.o
 .debug_abbrev  0x0000000000000130      0x132 build/framebuffer.o
 .debug_abbrev  0x0000000000000262      0x16b build/main.o
 .debug_abbrev  0x00000000000003cd       0x98 build/mbox.o
 .debug_abbrev  0x0000000000000465       0x60 build/ssp.o
 .debug_abbrev  0x00000000000004c5      0x126 build/uart.o

.debug_aranges  0x0000000000000000      0x120
 .debug_aranges
                0x0000000000000000       0x30 build/controllerDriver.o
 .debug_aranges
                0x0000000000000030       0x30 build/framebuffer.o
 .debug_aranges
                0x0000000000000060       0x30 build/main.o
 .debug_aranges
                0x0000000000000090       0x30 build/mbox.o
 .debug_aranges
                0x00000000000000c0       0x30 build/ssp.o
 .debug_aranges
                0x00000000000000f0       0x30 build/uart.o

.debug_line     0x0000000000000000      0x61b
 .debug_line    0x0000000000000000      0x182 build/controllerDriver.o
 .debug_line    0x0000000000000182      0x1b9 build/framebuffer.o
 .debug_line    0x000000000000033b       0x8c build/main.o
 .debug_line    0x00000000000003c7       0x93 build/mbox.o
 .debug_line    0x000000000000045a       0x58 build/ssp.o
 .debug_line    0x00000000000004b2      0x169 build/uart.o

.debug_str      0x0000000000000000      0x241
 .debug_str     0x0000000000000000      0x241 build/controllerDriver.o
                                         0xe1 (size before relaxing)
 .debug_str     0x0000000000000241       0xfe build/framebuffer.o
 .debug_str     0x0000000000000241      0x113 build/main.o
 .debug_str     0x0000000000000241       0x6d build/mbox.o
 .debug_str     0x0000000000000241       0x51 build/ssp.o
 .debug_str     0x0000000000000241       0xb3 build/uart.o

.debug_line_str
                0x0000000000000000       0xef
 .debug_line_str
                0x0000000000000000       0xef build/controllerDriver.o
                                         0x9f (size before relaxing)
 .debug_line_str
                0x00000000000000ef       0x97 build/framebuffer.o
 .debug_line_str
                0x00000000000000ef       0xca build/main.o
 .debug_line_str
                0x00000000000000ef       0x7b build/mbox.o
 .debug_line_str
                0x00000000000000ef       0x7f build/ssp.o
 .debug_line_str
                0x00000000000000ef       0x82 build/uart.o

.debug_frame    0x0000000000000000      0x3e8
 .debug_frame   0x0000000000000000      0x120 build/controllerDriver.o
 .debug_frame   0x0000000000000120       0xd0 build/framebuffer.o
 .debug_frame   0x00000000000001f0       0xa8 build/main.o
 .debug_frame   0x0000000000000298       0x30 build/mbox.o
 .debug_frame   0x00000000000002c8       0x30 build/ssp.o
 .debug_frame   0x00000000000002f8       0xf0 build/uart.o
