
Discarded input sections

 .comment       0x0000000000000000       0x13 build/main.o
 .comment       0x0000000000000000       0x13 build/mbox.o
 .comment       0x0000000000000000       0x13 build/ssp.o
 .comment       0x0000000000000000       0x13 build/uart.o

Memory Configuration

Name             Origin             Length             Attributes
*default*        0x0000000000000000 0xffffffffffffffff

Linker script and memory map

LOAD build/start.o
LOAD build/main.o
LOAD build/mbox.o
LOAD build/ssp.o
LOAD build/uart.o
                0x0000000000080000                . = 0x80000

.text           0x0000000000080000      0x8d4
 *(.text.boot)
 .text.boot     0x0000000000080000       0x50 build/start.o
                0x0000000000080000                _start
 *(.text .text.* .gnu.linkonce.t*)
 .text          0x0000000000080050        0x0 build/start.o
 .text          0x0000000000080050      0x4b0 build/main.o
                0x0000000000080050                initGPIO
                0x0000000000080150                writeLatch
                0x0000000000080194                writeClock
                0x00000000000801d8                readData
                0x00000000000801f0                wait
                0x0000000000080240                readSNES
                0x00000000000802d4                printMessage
                0x00000000000802f4                main
 .text          0x0000000000080500       0xac build/mbox.o
                0x0000000000080500                mbox_call
 .text          0x00000000000805ac       0x1c build/ssp.o
                0x00000000000805ac                __stack_chk_fail
 .text          0x00000000000805c8      0x30c build/uart.o
                0x00000000000805c8                spin_for_cycles
                0x00000000000805fc                uart_init
                0x0000000000080768                uart_send
                0x00000000000807a8                uart_getc
                0x00000000000807f8                uart_puts
                0x0000000000080854                uart_hex

.iplt           0x00000000000808d4        0x0
 .iplt          0x00000000000808d4        0x0 build/start.o

.rodata         0x00000000000808d8       0xd2
 *(.rodata .rodata.* .gnu.linkonce.r*)
 .rodata        0x00000000000808d8       0xaa build/main.o
 *fill*         0x0000000000080982        0x6 
 .rodata        0x0000000000080988       0x22 build/ssp.o
                [!provide]                        PROVIDE (_data = .)

.rela.dyn       0x00000000000809b0        0x0
 .rela.iplt     0x00000000000809b0        0x0 build/start.o
 .rela.text.boot
                0x00000000000809b0        0x0 build/start.o

.data           0x00000000000809b0      0x170
 *(.data .data.* .gnu.linkonce.d*)
 .data          0x00000000000809b0        0x0 build/start.o
 .data          0x00000000000809b0      0x170 build/main.o
                0x00000000000809b0                gpfs
                0x00000000000809e0                buttonNames
 .data          0x0000000000080b20        0x0 build/mbox.o
 .data          0x0000000000080b20        0x0 build/ssp.o
 .data          0x0000000000080b20        0x0 build/uart.o

.igot.plt       0x0000000000080b20        0x0
 .igot.plt      0x0000000000080b20        0x0 build/start.o

.bss            0x0000000000080b20       0xa0
                0x0000000000080b20                . = ALIGN (0x10)
                0x0000000000080b20                __bss_start = .
 *(.bss .bss.*)
 .bss           0x0000000000080b20        0x0 build/start.o
 .bss           0x0000000000080b20        0x8 build/main.o
                0x0000000000080b20                current
                0x0000000000080b24                previous
 *fill*         0x0000000000080b28        0x8 
 .bss           0x0000000000080b30       0x90 build/mbox.o
                0x0000000000080b30                mbox
 .bss           0x0000000000080bc0        0x0 build/ssp.o
 .bss           0x0000000000080bc0        0x0 build/uart.o
 *(COMMON)
                0x0000000000080bc0                __bss_end = .
                0x0000000000080bc0                _end = .

/DISCARD/
 *(.comment)
 *(.gnu*)
 *(.note*)
 *(.eh_frame*)
                0x0000000000000014                __bss_size = ((__bss_end - __bss_start) >> 0x3)
OUTPUT(kernel8.elf elf64-littleaarch64)
LOAD linker stubs

.debug_info     0x0000000000000000      0x5bd
 .debug_info    0x0000000000000000      0x2f2 build/main.o
 .debug_info    0x00000000000002f2       0xba build/mbox.o
 .debug_info    0x00000000000003ac       0x68 build/ssp.o
 .debug_info    0x0000000000000414      0x1a9 build/uart.o

.debug_abbrev   0x0000000000000000      0x37e
 .debug_abbrev  0x0000000000000000      0x160 build/main.o
 .debug_abbrev  0x0000000000000160       0x98 build/mbox.o
 .debug_abbrev  0x00000000000001f8       0x60 build/ssp.o
 .debug_abbrev  0x0000000000000258      0x126 build/uart.o

.debug_aranges  0x0000000000000000       0xc0
 .debug_aranges
                0x0000000000000000       0x30 build/main.o
 .debug_aranges
                0x0000000000000030       0x30 build/mbox.o
 .debug_aranges
                0x0000000000000060       0x30 build/ssp.o
 .debug_aranges
                0x0000000000000090       0x30 build/uart.o

.debug_line     0x0000000000000000      0x422
 .debug_line    0x0000000000000000      0x1ce build/main.o
 .debug_line    0x00000000000001ce       0x93 build/mbox.o
 .debug_line    0x0000000000000261       0x58 build/ssp.o
 .debug_line    0x00000000000002b9      0x169 build/uart.o

.debug_str      0x0000000000000000      0x150
 .debug_str     0x0000000000000000      0x150 build/main.o
                                         0xfd (size before relaxing)
 .debug_str     0x0000000000000150       0x6d build/mbox.o
 .debug_str     0x0000000000000150       0x51 build/ssp.o
 .debug_str     0x0000000000000150       0xb3 build/uart.o

.debug_line_str
                0x0000000000000000       0x92
 .debug_line_str
                0x0000000000000000       0x92 build/main.o
                                         0xb6 (size before relaxing)
 .debug_line_str
                0x0000000000000092       0xaf build/mbox.o
 .debug_line_str
                0x0000000000000092       0xb3 build/ssp.o
 .debug_line_str
                0x0000000000000092       0xb6 build/uart.o

.debug_frame    0x0000000000000000      0x270
 .debug_frame   0x0000000000000000      0x120 build/main.o
 .debug_frame   0x0000000000000120       0x30 build/mbox.o
 .debug_frame   0x0000000000000150       0x30 build/ssp.o
 .debug_frame   0x0000000000000180       0xf0 build/uart.o
