
Discarded input sections

 .comment       0x0000000000000000       0x13 build/controllerDriver.o
 .comment       0x0000000000000000       0x13 build/framebuffer.o
 .comment       0x0000000000000000       0x13 build/main.o
 .comment       0x0000000000000000       0x13 build/mbox.o
 .comment       0x0000000000000000       0x13 build/ssp.o
 .comment       0x0000000000000000       0x13 build/uart.o

Memory Configuration

Name             Origin             Length             Attributes
*default*        0x0000000000000000 0xffffffffffffffff

Linker script and memory map

LOAD build/start.o
LOAD build/controllerDriver.o
LOAD build/framebuffer.o
LOAD build/main.o
LOAD build/mbox.o
LOAD build/ssp.o
LOAD build/uart.o
                0x0000000000080000                . = 0x80000

.text           0x0000000000080000     0x3558
 *(.text.boot)
 .text.boot     0x0000000000080000       0x50 build/start.o
                0x0000000000080000                _start
 *(.text .text.* .gnu.linkonce.t*)
 .text          0x0000000000080050        0x0 build/start.o
 .text          0x0000000000080050      0x3a8 build/controllerDriver.o
                0x0000000000080050                initGPIO
                0x0000000000080150                writeLatch
                0x0000000000080194                writeClock
                0x00000000000801d8                readData
                0x00000000000801f0                wait
                0x0000000000080240                readSNES
                0x00000000000802d4                getSNES
                0x00000000000803a0                initSNES
 .text          0x00000000000803f8      0x5d4 build/framebuffer.o
                0x00000000000803f8                init_framebuffer
                0x00000000000806fc                drawPixel
                0x0000000000080758                fillScreen
                0x00000000000807dc                drawRect
                0x00000000000808cc                drawImage
 .text          0x00000000000809cc     0x27b8 build/main.o
                0x00000000000809cc                printf
                0x00000000000809ec                intToString
                0x0000000000080c0c                drawUI
                0x0000000000080dd8                updateUI
                0x0000000000081830                drawPauseMenu
                0x0000000000081a90                drawMap
                0x0000000000081c40                drawEntities
                0x0000000000082198                checkCollision
                0x00000000000823a0                updatePlayer
                0x0000000000082690                updateSaws
                0x0000000000082b78                updateFlames
                0x0000000000082b80                getTime
                0x0000000000082ba8                updateTimeRem
                0x0000000000082c28                main
                0x0000000000082cf0                menu
                0x0000000000082f28                endMenu
                0x0000000000082f68                level1
 .text          0x0000000000083184       0xac build/mbox.o
                0x0000000000083184                mbox_call
 .text          0x0000000000083230       0x1c build/ssp.o
                0x0000000000083230                __stack_chk_fail
 .text          0x000000000008324c      0x30c build/uart.o
                0x000000000008324c                spin_for_cycles
                0x0000000000083280                uart_init
                0x00000000000833ec                uart_send
                0x000000000008342c                uart_getc
                0x000000000008347c                uart_puts
                0x00000000000834d8                uart_hex

.iplt           0x0000000000083558        0x0
 .iplt          0x0000000000083558        0x0 build/start.o

.rodata         0x0000000000083558   0x4ffdf2
 *(.rodata .rodata.* .gnu.linkonce.r*)
 .rodata        0x0000000000083558   0x4ffdca build/main.o
 *fill*         0x0000000000583322        0x6 
 .rodata        0x0000000000583328       0x22 build/ssp.o
                [!provide]                        PROVIDE (_data = .)

.rela.dyn       0x0000000000583350        0x0
 .rela.iplt     0x0000000000583350        0x0 build/start.o
 .rela.text.boot
                0x0000000000583350        0x0 build/start.o

.data           0x0000000000583350     0x1930
 *(.data .data.* .gnu.linkonce.d*)
 .data          0x0000000000583350        0x0 build/start.o
 .data          0x0000000000583350       0x30 build/controllerDriver.o
                0x0000000000583350                gpfs
 .data          0x0000000000583380        0x0 build/framebuffer.o
 .data          0x0000000000583380     0x1900 build/main.o
                0x0000000000583380                level1Map
                0x0000000000584000                level1Entities
 .data          0x0000000000584c80        0x0 build/mbox.o
 .data          0x0000000000584c80        0x0 build/ssp.o
 .data          0x0000000000584c80        0x0 build/uart.o

.igot.plt       0x0000000000584c80        0x0
 .igot.plt      0x0000000000584c80        0x0 build/start.o

.bss            0x0000000000584c80     0x14f0
                0x0000000000584c80                . = ALIGN (0x10)
                0x0000000000584c80                __bss_start = .
 *(.bss .bss.*)
 .bss           0x0000000000584c80        0x0 build/start.o
 .bss           0x0000000000584c80        0x8 build/controllerDriver.o
                0x0000000000584c80                current
                0x0000000000584c84                previous
 .bss           0x0000000000584c88       0x18 build/framebuffer.o
                0x0000000000584c88                width
                0x0000000000584c8c                height
                0x0000000000584c90                pitch
                0x0000000000584c98                framebuffer
 .bss           0x0000000000584ca0     0x1438 build/main.o
                0x0000000000584ca0                oldTime
                0x0000000000584ca4                pressedButtons
                0x0000000000584ca8                state
 *fill*         0x00000000005860d8        0x8 
 .bss           0x00000000005860e0       0x90 build/mbox.o
                0x00000000005860e0                mbox
 .bss           0x0000000000586170        0x0 build/ssp.o
 .bss           0x0000000000586170        0x0 build/uart.o
 *(COMMON)
                0x0000000000586170                __bss_end = .
                0x0000000000586170                _end = .

/DISCARD/
 *(.comment)
 *(.gnu*)
 *(.note*)
 *(.eh_frame*)
                0x000000000000029e                __bss_size = ((__bss_end - __bss_start) >> 0x3)
OUTPUT(kernel8.elf elf64-littleaarch64)
LOAD linker stubs

.debug_info     0x0000000000000000     0x23f5
 .debug_info    0x0000000000000000      0x271 build/controllerDriver.o
 .debug_info    0x0000000000000271      0x347 build/framebuffer.o
 .debug_info    0x00000000000005b8     0x1b72 build/main.o
 .debug_info    0x000000000000212a       0xba build/mbox.o
 .debug_info    0x00000000000021e4       0x68 build/ssp.o
 .debug_info    0x000000000000224c      0x1a9 build/uart.o

.debug_abbrev   0x0000000000000000      0x796
 .debug_abbrev  0x0000000000000000      0x130 build/controllerDriver.o
 .debug_abbrev  0x0000000000000130      0x132 build/framebuffer.o
 .debug_abbrev  0x0000000000000262      0x316 build/main.o
 .debug_abbrev  0x0000000000000578       0x98 build/mbox.o
 .debug_abbrev  0x0000000000000610       0x60 build/ssp.o
 .debug_abbrev  0x0000000000000670      0x126 build/uart.o

.debug_aranges  0x0000000000000000      0x120
 .debug_aranges
                0x0000000000000000       0x30 build/controllerDriver.o
 .debug_aranges
                0x0000000000000030       0x30 build/framebuffer.o
 .debug_aranges
                0x0000000000000060       0x30 build/main.o
 .debug_aranges
                0x0000000000000090       0x30 build/mbox.o
 .debug_aranges
                0x00000000000000c0       0x30 build/ssp.o
 .debug_aranges
                0x00000000000000f0       0x30 build/uart.o

.debug_line     0x0000000000000000     0x1330
 .debug_line    0x0000000000000000      0x178 build/controllerDriver.o
 .debug_line    0x0000000000000178      0x1b9 build/framebuffer.o
 .debug_line    0x0000000000000331      0xdab build/main.o
 .debug_line    0x00000000000010dc       0x93 build/mbox.o
 .debug_line    0x000000000000116f       0x58 build/ssp.o
 .debug_line    0x00000000000011c7      0x169 build/uart.o

.debug_str      0x0000000000000000      0x4c5
 .debug_str     0x0000000000000000      0x4c5 build/controllerDriver.o
                                         0xe1 (size before relaxing)
 .debug_str     0x00000000000004c5       0xfe build/framebuffer.o
 .debug_str     0x00000000000004c5      0x3ff build/main.o
 .debug_str     0x00000000000004c5       0x6d build/mbox.o
 .debug_str     0x00000000000004c5       0x51 build/ssp.o
 .debug_str     0x00000000000004c5       0xb3 build/uart.o

.debug_line_str
                0x0000000000000000      0x2e3
 .debug_line_str
                0x0000000000000000      0x2e3 build/controllerDriver.o
                                         0xb1 (size before relaxing)
 .debug_line_str
                0x00000000000002e3       0xa9 build/framebuffer.o
 .debug_line_str
                0x00000000000002e3      0x2e4 build/main.o
 .debug_line_str
                0x00000000000002e3       0x8d build/mbox.o
 .debug_line_str
                0x00000000000002e3       0x91 build/ssp.o
 .debug_line_str
                0x00000000000002e3       0x94 build/uart.o

.debug_frame    0x0000000000000000      0x5d8
 .debug_frame   0x0000000000000000      0x120 build/controllerDriver.o
 .debug_frame   0x0000000000000120       0xd0 build/framebuffer.o
 .debug_frame   0x00000000000001f0      0x298 build/main.o
 .debug_frame   0x0000000000000488       0x30 build/mbox.o
 .debug_frame   0x00000000000004b8       0x30 build/ssp.o
 .debug_frame   0x00000000000004e8       0xf0 build/uart.o
