
Discarded input sections

 .comment       0x0000000000000000       0x13 build/controllerDriver.o
 .comment       0x0000000000000000       0x13 build/framebuffer.o
 .comment       0x0000000000000000       0x13 build/main.o
 .comment       0x0000000000000000       0x13 build/mbox.o
 .comment       0x0000000000000000       0x13 build/ssp.o
 .comment       0x0000000000000000       0x13 build/uart.o

Memory Configuration

Name             Origin             Length             Attributes
*default*        0x0000000000000000 0xffffffffffffffff

Linker script and memory map

LOAD build/start.o
LOAD build/controllerDriver.o
LOAD build/framebuffer.o
LOAD build/main.o
LOAD build/mbox.o
LOAD build/ssp.o
LOAD build/uart.o
                0x0000000000080000                . = 0x80000

.text           0x0000000000080000     0x1710
 *(.text.boot)
 .text.boot     0x0000000000080000       0x50 build/start.o
                0x0000000000080000                _start
 *(.text .text.* .gnu.linkonce.t*)
 .text          0x0000000000080050        0x0 build/start.o
 .text          0x0000000000080050      0x3c8 build/controllerDriver.o
                0x0000000000080050                initGPIO
                0x0000000000080150                writeLatch
                0x0000000000080194                writeClock
                0x00000000000801d8                readData
                0x00000000000801f0                wait
                0x0000000000080240                readSNES
                0x00000000000802d4                getSNES
                0x00000000000803c0                initSNES
 .text          0x0000000000080418      0x5d4 build/framebuffer.o
                0x0000000000080418                init_framebuffer
                0x000000000008071c                drawPixel
                0x0000000000080778                fillScreen
                0x00000000000807fc                drawRect
                0x00000000000808ec                drawImage
 .text          0x00000000000809ec      0x950 build/main.o
                0x00000000000809ec                printf
                0x0000000000080a0c                drawUI
                0x0000000000080a14                drawMap
                0x0000000000080ae0                drawEntities
                0x0000000000080ba8                updateEntites
                0x0000000000080e24                updateTimeRem
                0x0000000000080ea0                checkCollision
                0x0000000000080f0c                main
                0x0000000000080fc4                menu
                0x00000000000811f0                level1
 .text          0x000000000008133c       0xac build/mbox.o
                0x000000000008133c                mbox_call
 .text          0x00000000000813e8       0x1c build/ssp.o
                0x00000000000813e8                __stack_chk_fail
 .text          0x0000000000081404      0x30c build/uart.o
                0x0000000000081404                spin_for_cycles
                0x0000000000081438                uart_init
                0x00000000000815a4                uart_send
                0x00000000000815e4                uart_getc
                0x0000000000081634                uart_puts
                0x0000000000081690                uart_hex

.iplt           0x0000000000081710        0x0
 .iplt          0x0000000000081710        0x0 build/start.o

.rodata         0x0000000000081710    0xed062
 *(.rodata .rodata.* .gnu.linkonce.r*)
 .rodata        0x0000000000081710    0xed040 build/main.o
 .rodata        0x000000000016e750       0x22 build/ssp.o
                [!provide]                        PROVIDE (_data = .)

.rela.dyn       0x000000000016e778        0x0
 .rela.iplt     0x000000000016e778        0x0 build/start.o
 .rela.text.boot
                0x000000000016e778        0x0 build/start.o

.data           0x000000000016e778      0xcb0
 *(.data .data.* .gnu.linkonce.d*)
 .data          0x000000000016e778        0x0 build/start.o
 .data          0x000000000016e778       0x30 build/controllerDriver.o
                0x000000000016e778                gpfs
 .data          0x000000000016e7a8        0x0 build/framebuffer.o
 .data          0x000000000016e7a8      0xc80 build/main.o
                0x000000000016e7a8                level1Entities
 .data          0x000000000016f428        0x0 build/mbox.o
 .data          0x000000000016f428        0x0 build/ssp.o
 .data          0x000000000016f428        0x0 build/uart.o

.igot.plt       0x000000000016f428        0x0
 .igot.plt      0x000000000016f428        0x0 build/start.o

.bss            0x000000000016f430     0x2150
                0x000000000016f430                . = ALIGN (0x10)
                0x000000000016f430                __bss_start = .
 *(.bss .bss.*)
 .bss           0x000000000016f430        0x0 build/start.o
 .bss           0x000000000016f430        0x8 build/controllerDriver.o
                0x000000000016f430                current
                0x000000000016f434                previous
 .bss           0x000000000016f438       0x18 build/framebuffer.o
                0x000000000016f438                width
                0x000000000016f43c                height
                0x000000000016f440                pitch
                0x000000000016f448                framebuffer
 .bss           0x000000000016f450     0x2098 build/main.o
                0x000000000016f450                oldTime
                0x000000000016f454                pressedButtons
                0x000000000016f458                level1Map
                0x00000000001700d8                state
 *fill*         0x00000000001714e8        0x8 
 .bss           0x00000000001714f0       0x90 build/mbox.o
                0x00000000001714f0                mbox
 .bss           0x0000000000171580        0x0 build/ssp.o
 .bss           0x0000000000171580        0x0 build/uart.o
 *(COMMON)
                0x0000000000171580                __bss_end = .
                0x0000000000171580                _end = .

/DISCARD/
 *(.comment)
 *(.gnu*)
 *(.note*)
 *(.eh_frame*)
                0x000000000000042a                __bss_size = ((__bss_end - __bss_start) >> 0x3)
OUTPUT(kernel8.elf elf64-littleaarch64)
LOAD linker stubs

.debug_info     0x0000000000000000      0xf30
 .debug_info    0x0000000000000000      0x271 build/controllerDriver.o
 .debug_info    0x0000000000000271      0x347 build/framebuffer.o
 .debug_info    0x00000000000005b8      0x6ad build/main.o
 .debug_info    0x0000000000000c65       0xba build/mbox.o
 .debug_info    0x0000000000000d1f       0x68 build/ssp.o
 .debug_info    0x0000000000000d87      0x1a9 build/uart.o

.debug_abbrev   0x0000000000000000      0x701
 .debug_abbrev  0x0000000000000000      0x130 build/controllerDriver.o
 .debug_abbrev  0x0000000000000130      0x132 build/framebuffer.o
 .debug_abbrev  0x0000000000000262      0x281 build/main.o
 .debug_abbrev  0x00000000000004e3       0x98 build/mbox.o
 .debug_abbrev  0x000000000000057b       0x60 build/ssp.o
 .debug_abbrev  0x00000000000005db      0x126 build/uart.o

.debug_aranges  0x0000000000000000      0x120
 .debug_aranges
                0x0000000000000000       0x30 build/controllerDriver.o
 .debug_aranges
                0x0000000000000030       0x30 build/framebuffer.o
 .debug_aranges
                0x0000000000000060       0x30 build/main.o
 .debug_aranges
                0x0000000000000090       0x30 build/mbox.o
 .debug_aranges
                0x00000000000000c0       0x30 build/ssp.o
 .debug_aranges
                0x00000000000000f0       0x30 build/uart.o

.debug_line     0x0000000000000000      0x936
 .debug_line    0x0000000000000000      0x182 build/controllerDriver.o
 .debug_line    0x0000000000000182      0x1b9 build/framebuffer.o
 .debug_line    0x000000000000033b      0x3a7 build/main.o
 .debug_line    0x00000000000006e2       0x93 build/mbox.o
 .debug_line    0x0000000000000775       0x58 build/ssp.o
 .debug_line    0x00000000000007cd      0x169 build/uart.o

.debug_str      0x0000000000000000      0x334
 .debug_str     0x0000000000000000      0x334 build/controllerDriver.o
                                         0xe1 (size before relaxing)
 .debug_str     0x0000000000000334       0xfe build/framebuffer.o
 .debug_str     0x0000000000000334      0x233 build/main.o
 .debug_str     0x0000000000000334       0x6d build/mbox.o
 .debug_str     0x0000000000000334       0x51 build/ssp.o
 .debug_str     0x0000000000000334       0xb3 build/uart.o

.debug_line_str
                0x0000000000000000      0x125
 .debug_line_str
                0x0000000000000000      0x125 build/controllerDriver.o
                                         0x9f (size before relaxing)
 .debug_line_str
                0x0000000000000125       0x97 build/framebuffer.o
 .debug_line_str
                0x0000000000000125      0x100 build/main.o
 .debug_line_str
                0x0000000000000125       0x7b build/mbox.o
 .debug_line_str
                0x0000000000000125       0x7f build/ssp.o
 .debug_line_str
                0x0000000000000125       0x82 build/uart.o

.debug_frame    0x0000000000000000      0x4b8
 .debug_frame   0x0000000000000000      0x120 build/controllerDriver.o
 .debug_frame   0x0000000000000120       0xd0 build/framebuffer.o
 .debug_frame   0x00000000000001f0      0x178 build/main.o
 .debug_frame   0x0000000000000368       0x30 build/mbox.o
 .debug_frame   0x0000000000000398       0x30 build/ssp.o
 .debug_frame   0x00000000000003c8       0xf0 build/uart.o
