
Discarded input sections

 .comment       0x0000000000000000       0x13 build/controllerDriver.o
 .comment       0x0000000000000000       0x13 build/framebuffer.o
 .comment       0x0000000000000000       0x13 build/main.o
 .comment       0x0000000000000000       0x13 build/mbox.o
 .comment       0x0000000000000000       0x13 build/random.o
 .comment       0x0000000000000000       0x13 build/ssp.o
 .comment       0x0000000000000000       0x13 build/uart.o

Memory Configuration

Name             Origin             Length             Attributes
*default*        0x0000000000000000 0xffffffffffffffff

Linker script and memory map

LOAD build/start.o
LOAD build/controllerDriver.o
LOAD build/framebuffer.o
LOAD build/main.o
LOAD build/mbox.o
LOAD build/random.o
LOAD build/ssp.o
LOAD build/uart.o
                0x0000000000080000                . = 0x80000

.text           0x0000000000080000     0x4de8
 *(.text.boot)
 .text.boot     0x0000000000080000       0x50 build/start.o
                0x0000000000080000                _start
 *(.text .text.* .gnu.linkonce.t*)
 .text          0x0000000000080050        0x0 build/start.o
 .text          0x0000000000080050      0x3a8 build/controllerDriver.o
                0x0000000000080050                initGPIO
                0x0000000000080150                writeLatch
                0x0000000000080194                writeClock
                0x00000000000801d8                readData
                0x00000000000801f0                wait
                0x0000000000080240                readSNES
                0x00000000000802d4                getSNES
                0x00000000000803a0                initSNES
 .text          0x00000000000803f8      0x5d4 build/framebuffer.o
                0x00000000000803f8                init_framebuffer
                0x00000000000806fc                drawPixel
                0x0000000000080758                fillScreen
                0x00000000000807dc                drawRect
                0x00000000000808cc                drawImage
 .text          0x00000000000809cc     0x400c build/main.o
                0x00000000000809cc                printf
                0x00000000000809ec                updateTimeRem
                0x0000000000080a20                updateScore
                0x0000000000080a80                winMenu
                0x00000000000811f0                loseMenu
                0x0000000000081960                drawUI
                0x0000000000081a44                updateUI
                0x00000000000825bc                drawPauseMenu
                0x00000000000827e8                drawTile
                0x0000000000082aa8                drawMap
                0x0000000000082b0c                drawEntities
                0x000000000008347c                checkCollision
                0x00000000000839e8                updatePlayer
                0x0000000000083c74                updateSaws
                0x0000000000084120                updateFlames
                0x00000000000843a8                main
                0x0000000000084478                menu
                0x00000000000846bc                initLevel
                0x0000000000084844                level
 .text          0x00000000000849d8       0xac build/mbox.o
                0x00000000000849d8                mbox_call
 .text          0x0000000000084a84       0x3c build/random.o
                0x0000000000084a84                rand
 .text          0x0000000000084ac0       0x1c build/ssp.o
                0x0000000000084ac0                __stack_chk_fail
 .text          0x0000000000084adc      0x30c build/uart.o
                0x0000000000084adc                spin_for_cycles
                0x0000000000084b10                uart_init
                0x0000000000084c7c                uart_send
                0x0000000000084cbc                uart_getc
                0x0000000000084d0c                uart_puts
                0x0000000000084d68                uart_hex

.iplt           0x0000000000084de8        0x0
 .iplt          0x0000000000084de8        0x0 build/start.o

.rodata         0x0000000000084de8   0x6623b2
 *(.rodata .rodata.* .gnu.linkonce.r*)
 .rodata        0x0000000000084de8   0x662390 build/main.o
 .rodata        0x00000000006e7178       0x22 build/ssp.o
                [!provide]                        PROVIDE (_data = .)

.rela.dyn       0x00000000006e71a0        0x0
 .rela.iplt     0x00000000006e71a0        0x0 build/start.o
 .rela.text.boot
                0x00000000006e71a0        0x0 build/start.o

.data           0x00000000006e71a0     0x2838
 *(.data .data.* .gnu.linkonce.d*)
 .data          0x00000000006e71a0        0x0 build/start.o
 .data          0x00000000006e71a0       0x30 build/controllerDriver.o
                0x00000000006e71a0                gpfs
 .data          0x00000000006e71d0        0x0 build/framebuffer.o
 .data          0x00000000006e71d0     0x2808 build/main.o
                0x00000000006e71d0                displayTime
                0x00000000006e71d8                level1Map
                0x00000000006e7bd8                level1Entities
                0x00000000006e85d8                level2Map
                0x00000000006e8fd8                level2Entities
 .data          0x00000000006e99d8        0x0 build/mbox.o
 .data          0x00000000006e99d8        0x0 build/random.o
 .data          0x00000000006e99d8        0x0 build/ssp.o
 .data          0x00000000006e99d8        0x0 build/uart.o

.igot.plt       0x00000000006e99d8        0x0
 .igot.plt      0x00000000006e99d8        0x0 build/start.o

.bss            0x00000000006e99e0     0x1504
                0x00000000006e99e0                . = ALIGN (0x10)
                0x00000000006e99e0                __bss_start = .
 *(.bss .bss.*)
 .bss           0x00000000006e99e0        0x0 build/start.o
 .bss           0x00000000006e99e0        0x8 build/controllerDriver.o
                0x00000000006e99e0                current
                0x00000000006e99e4                previous
 .bss           0x00000000006e99e8       0x18 build/framebuffer.o
                0x00000000006e99e8                width
                0x00000000006e99ec                height
                0x00000000006e99f0                pitch
                0x00000000006e99f8                framebuffer
 .bss           0x00000000006e9a00     0x1448 build/main.o
                0x00000000006e9a00                pressedButtons
                0x00000000006e9a08                state
 *fill*         0x00000000006eae48        0x8 
 .bss           0x00000000006eae50       0x90 build/mbox.o
                0x00000000006eae50                mbox
 .bss           0x00000000006eaee0        0x4 build/random.o
                0x00000000006eaee0                rseed
 .bss           0x00000000006eaee4        0x0 build/ssp.o
 .bss           0x00000000006eaee4        0x0 build/uart.o
 *(COMMON)
                0x00000000006eaee4                __bss_end = .
                0x00000000006eaee4                _end = .

/DISCARD/
 *(.comment)
 *(.gnu*)
 *(.note*)
 *(.eh_frame*)
                0x00000000000002a0                __bss_size = ((__bss_end - __bss_start) >> 0x3)
OUTPUT(kernel8.elf elf64-littleaarch64)
LOAD linker stubs

.debug_info     0x0000000000000000     0x2dc7
 .debug_info    0x0000000000000000      0x271 build/controllerDriver.o
 .debug_info    0x0000000000000271      0x347 build/framebuffer.o
 .debug_info    0x00000000000005b8     0x24ca build/main.o
 .debug_info    0x0000000000002a82       0xba build/mbox.o
 .debug_info    0x0000000000002b3c       0x7a build/random.o
 .debug_info    0x0000000000002bb6       0x68 build/ssp.o
 .debug_info    0x0000000000002c1e      0x1a9 build/uart.o

.debug_abbrev   0x0000000000000000      0x815
 .debug_abbrev  0x0000000000000000      0x130 build/controllerDriver.o
 .debug_abbrev  0x0000000000000130      0x132 build/framebuffer.o
 .debug_abbrev  0x0000000000000262      0x337 build/main.o
 .debug_abbrev  0x0000000000000599       0x98 build/mbox.o
 .debug_abbrev  0x0000000000000631       0x5e build/random.o
 .debug_abbrev  0x000000000000068f       0x60 build/ssp.o
 .debug_abbrev  0x00000000000006ef      0x126 build/uart.o

.debug_aranges  0x0000000000000000      0x150
 .debug_aranges
                0x0000000000000000       0x30 build/controllerDriver.o
 .debug_aranges
                0x0000000000000030       0x30 build/framebuffer.o
 .debug_aranges
                0x0000000000000060       0x30 build/main.o
 .debug_aranges
                0x0000000000000090       0x30 build/mbox.o
 .debug_aranges
                0x00000000000000c0       0x30 build/random.o
 .debug_aranges
                0x00000000000000f0       0x30 build/ssp.o
 .debug_aranges
                0x0000000000000120       0x30 build/uart.o

.debug_line     0x0000000000000000     0x1b56
 .debug_line    0x0000000000000000      0x178 build/controllerDriver.o
 .debug_line    0x0000000000000178      0x1b9 build/framebuffer.o
 .debug_line    0x0000000000000331     0x1573 build/main.o
 .debug_line    0x00000000000018a4       0x93 build/mbox.o
 .debug_line    0x0000000000001937       0x5e build/random.o
 .debug_line    0x0000000000001995       0x58 build/ssp.o
 .debug_line    0x00000000000019ed      0x169 build/uart.o

.debug_str      0x0000000000000000      0x63e
 .debug_str     0x0000000000000000      0x63e build/controllerDriver.o
                                         0xe1 (size before relaxing)
 .debug_str     0x000000000000063e       0xfe build/framebuffer.o
 .debug_str     0x000000000000063e      0x561 build/main.o
 .debug_str     0x000000000000063e       0x6d build/mbox.o
 .debug_str     0x000000000000063e       0x3c build/random.o
 .debug_str     0x000000000000063e       0x51 build/ssp.o
 .debug_str     0x000000000000063e       0xb3 build/uart.o

.debug_line_str
                0x0000000000000000      0x426
 .debug_line_str
                0x0000000000000000      0x426 build/controllerDriver.o
                                         0x9f (size before relaxing)
 .debug_line_str
                0x0000000000000426       0x97 build/framebuffer.o
 .debug_line_str
                0x0000000000000426      0x40e build/main.o
 .debug_line_str
                0x0000000000000426       0x7b build/mbox.o
 .debug_line_str
                0x0000000000000426       0x81 build/random.o
 .debug_line_str
                0x0000000000000426       0x7f build/ssp.o
 .debug_line_str
                0x0000000000000426       0x82 build/uart.o

.debug_frame    0x0000000000000000      0x660
 .debug_frame   0x0000000000000000      0x120 build/controllerDriver.o
 .debug_frame   0x0000000000000120       0xd0 build/framebuffer.o
 .debug_frame   0x00000000000001f0      0x2f0 build/main.o
 .debug_frame   0x00000000000004e0       0x30 build/mbox.o
 .debug_frame   0x0000000000000510       0x30 build/random.o
 .debug_frame   0x0000000000000540       0x30 build/ssp.o
 .debug_frame   0x0000000000000570       0xf0 build/uart.o
