
Discarded input sections

 .comment       0x0000000000000000       0x13 build/controllerDriver.o
 .comment       0x0000000000000000       0x13 build/framebuffer.o
 .comment       0x0000000000000000       0x13 build/main.o
 .comment       0x0000000000000000       0x13 build/mbox.o
 .comment       0x0000000000000000       0x13 build/random.o
 .comment       0x0000000000000000       0x13 build/ssp.o
 .comment       0x0000000000000000       0x13 build/uart.o

Memory Configuration

Name             Origin             Length             Attributes
*default*        0x0000000000000000 0xffffffffffffffff

Linker script and memory map

LOAD build/start.o
LOAD build/controllerDriver.o
LOAD build/framebuffer.o
LOAD build/main.o
LOAD build/mbox.o
LOAD build/random.o
LOAD build/ssp.o
LOAD build/uart.o
                0x0000000000080000                . = 0x80000

.text           0x0000000000080000     0x3f60
 *(.text.boot)
 .text.boot     0x0000000000080000       0x50 build/start.o
                0x0000000000080000                _start
 *(.text .text.* .gnu.linkonce.t*)
 .text          0x0000000000080050        0x0 build/start.o
 .text          0x0000000000080050      0x3a8 build/controllerDriver.o
                0x0000000000080050                initGPIO
                0x0000000000080150                writeLatch
                0x0000000000080194                writeClock
                0x00000000000801d8                readData
                0x00000000000801f0                wait
                0x0000000000080240                readSNES
                0x00000000000802d4                getSNES
                0x00000000000803a0                initSNES
 .text          0x00000000000803f8      0x5d4 build/framebuffer.o
                0x00000000000803f8                init_framebuffer
                0x00000000000806fc                drawPixel
                0x0000000000080758                fillScreen
                0x00000000000807dc                drawRect
                0x00000000000808cc                drawImage
 .text          0x00000000000809cc     0x3184 build/main.o
                0x00000000000809cc                printf
                0x00000000000809ec                updateTimeRem
                0x0000000000080a20                updateScore
                0x0000000000080a80                drawUI
                0x0000000000080b64                updateUI
                0x00000000000816dc                drawPauseMenu
                0x0000000000081908                drawTile
                0x0000000000081bc8                drawMap
                0x0000000000081c2c                drawEntities
                0x000000000008259c                checkCollision
                0x0000000000082ad0                updatePlayer
                0x0000000000082d8c                updateSaws
                0x0000000000083268                updateFlames
                0x00000000000834f4                main
                0x00000000000835b4                menu
                0x00000000000837f8                endMenu
                0x0000000000083830                initLevel
                0x00000000000839bc                level
 .text          0x0000000000083b50       0xac build/mbox.o
                0x0000000000083b50                mbox_call
 .text          0x0000000000083bfc       0x3c build/random.o
                0x0000000000083bfc                rand
 .text          0x0000000000083c38       0x1c build/ssp.o
                0x0000000000083c38                __stack_chk_fail
 .text          0x0000000000083c54      0x30c build/uart.o
                0x0000000000083c54                spin_for_cycles
                0x0000000000083c88                uart_init
                0x0000000000083df4                uart_send
                0x0000000000083e34                uart_getc
                0x0000000000083e84                uart_puts
                0x0000000000083ee0                uart_hex

.iplt           0x0000000000083f60        0x0
 .iplt          0x0000000000083f60        0x0 build/start.o

.rodata         0x0000000000083f60   0x517c9a
 *(.rodata .rodata.* .gnu.linkonce.r*)
 .rodata        0x0000000000083f60   0x517c78 build/main.o
 .rodata        0x000000000059bbd8       0x22 build/ssp.o
                [!provide]                        PROVIDE (_data = .)

.rela.dyn       0x000000000059bc00        0x0
 .rela.iplt     0x000000000059bc00        0x0 build/start.o
 .rela.text.boot
                0x000000000059bc00        0x0 build/start.o

.data           0x000000000059bc00     0x1e38
 *(.data .data.* .gnu.linkonce.d*)
 .data          0x000000000059bc00        0x0 build/start.o
 .data          0x000000000059bc00       0x30 build/controllerDriver.o
                0x000000000059bc00                gpfs
 .data          0x000000000059bc30        0x0 build/framebuffer.o
 .data          0x000000000059bc30     0x1e08 build/main.o
                0x000000000059bc30                displayTime
                0x000000000059bc38                level1Map
                0x000000000059c638                level1Entities
                0x000000000059d038                level2Map
 .data          0x000000000059da38        0x0 build/mbox.o
 .data          0x000000000059da38        0x0 build/random.o
 .data          0x000000000059da38        0x0 build/ssp.o
 .data          0x000000000059da38        0x0 build/uart.o

.igot.plt       0x000000000059da38        0x0
 .igot.plt      0x000000000059da38        0x0 build/start.o

.bss            0x000000000059da40     0x1f04
                0x000000000059da40                . = ALIGN (0x10)
                0x000000000059da40                __bss_start = .
 *(.bss .bss.*)
 .bss           0x000000000059da40        0x0 build/start.o
 .bss           0x000000000059da40        0x8 build/controllerDriver.o
                0x000000000059da40                current
                0x000000000059da44                previous
 .bss           0x000000000059da48       0x18 build/framebuffer.o
                0x000000000059da48                width
                0x000000000059da4c                height
                0x000000000059da50                pitch
                0x000000000059da58                framebuffer
 .bss           0x000000000059da60     0x1e48 build/main.o
                0x000000000059da60                pressedButtons
                0x000000000059da68                level2Entities
                0x000000000059e468                state
 *fill*         0x000000000059f8a8        0x8 
 .bss           0x000000000059f8b0       0x90 build/mbox.o
                0x000000000059f8b0                mbox
 .bss           0x000000000059f940        0x4 build/random.o
                0x000000000059f940                rseed
 .bss           0x000000000059f944        0x0 build/ssp.o
 .bss           0x000000000059f944        0x0 build/uart.o
 *(COMMON)
                0x000000000059f944                __bss_end = .
                0x000000000059f944                _end = .

/DISCARD/
 *(.comment)
 *(.gnu*)
 *(.note*)
 *(.eh_frame*)
                0x00000000000003e0                __bss_size = ((__bss_end - __bss_start) >> 0x3)
OUTPUT(kernel8.elf elf64-littleaarch64)
LOAD linker stubs

.debug_info     0x0000000000000000     0x2a09
 .debug_info    0x0000000000000000      0x271 build/controllerDriver.o
 .debug_info    0x0000000000000271      0x347 build/framebuffer.o
 .debug_info    0x00000000000005b8     0x210c build/main.o
 .debug_info    0x00000000000026c4       0xba build/mbox.o
 .debug_info    0x000000000000277e       0x7a build/random.o
 .debug_info    0x00000000000027f8       0x68 build/ssp.o
 .debug_info    0x0000000000002860      0x1a9 build/uart.o

.debug_abbrev   0x0000000000000000      0x7f2
 .debug_abbrev  0x0000000000000000      0x130 build/controllerDriver.o
 .debug_abbrev  0x0000000000000130      0x132 build/framebuffer.o
 .debug_abbrev  0x0000000000000262      0x314 build/main.o
 .debug_abbrev  0x0000000000000576       0x98 build/mbox.o
 .debug_abbrev  0x000000000000060e       0x5e build/random.o
 .debug_abbrev  0x000000000000066c       0x60 build/ssp.o
 .debug_abbrev  0x00000000000006cc      0x126 build/uart.o

.debug_aranges  0x0000000000000000      0x150
 .debug_aranges
                0x0000000000000000       0x30 build/controllerDriver.o
 .debug_aranges
                0x0000000000000030       0x30 build/framebuffer.o
 .debug_aranges
                0x0000000000000060       0x30 build/main.o
 .debug_aranges
                0x0000000000000090       0x30 build/mbox.o
 .debug_aranges
                0x00000000000000c0       0x30 build/random.o
 .debug_aranges
                0x00000000000000f0       0x30 build/ssp.o
 .debug_aranges
                0x0000000000000120       0x30 build/uart.o

.debug_line     0x0000000000000000     0x173c
 .debug_line    0x0000000000000000      0x178 build/controllerDriver.o
 .debug_line    0x0000000000000178      0x1b9 build/framebuffer.o
 .debug_line    0x0000000000000331     0x1159 build/main.o
 .debug_line    0x000000000000148a       0x93 build/mbox.o
 .debug_line    0x000000000000151d       0x5e build/random.o
 .debug_line    0x000000000000157b       0x58 build/ssp.o
 .debug_line    0x00000000000015d3      0x169 build/uart.o

.debug_str      0x0000000000000000      0x5dc
 .debug_str     0x0000000000000000      0x5dc build/controllerDriver.o
                                         0xe1 (size before relaxing)
 .debug_str     0x00000000000005dc       0xfe build/framebuffer.o
 .debug_str     0x00000000000005dc      0x4ff build/main.o
 .debug_str     0x00000000000005dc       0x6d build/mbox.o
 .debug_str     0x00000000000005dc       0x3c build/random.o
 .debug_str     0x00000000000005dc       0x51 build/ssp.o
 .debug_str     0x00000000000005dc       0xb3 build/uart.o

.debug_line_str
                0x0000000000000000      0x3b5
 .debug_line_str
                0x0000000000000000      0x3b5 build/controllerDriver.o
                                         0x9f (size before relaxing)
 .debug_line_str
                0x00000000000003b5       0x97 build/framebuffer.o
 .debug_line_str
                0x00000000000003b5      0x39d build/main.o
 .debug_line_str
                0x00000000000003b5       0x7b build/mbox.o
 .debug_line_str
                0x00000000000003b5       0x81 build/random.o
 .debug_line_str
                0x00000000000003b5       0x7f build/ssp.o
 .debug_line_str
                0x00000000000003b5       0x82 build/uart.o

.debug_frame    0x0000000000000000      0x638
 .debug_frame   0x0000000000000000      0x120 build/controllerDriver.o
 .debug_frame   0x0000000000000120       0xd0 build/framebuffer.o
 .debug_frame   0x00000000000001f0      0x2c8 build/main.o
 .debug_frame   0x00000000000004b8       0x30 build/mbox.o
 .debug_frame   0x00000000000004e8       0x30 build/random.o
 .debug_frame   0x0000000000000518       0x30 build/ssp.o
 .debug_frame   0x0000000000000548       0xf0 build/uart.o
