
Discarded input sections

 .comment       0x0000000000000000       0x13 build/controllerDriver.o
 .comment       0x0000000000000000       0x13 build/framebuffer.o
 .comment       0x0000000000000000       0x13 build/main.o
 .comment       0x0000000000000000       0x13 build/mbox.o
 .comment       0x0000000000000000       0x13 build/random.o
 .comment       0x0000000000000000       0x13 build/ssp.o
 .comment       0x0000000000000000       0x13 build/uart.o

Memory Configuration

Name             Origin             Length             Attributes
*default*        0x0000000000000000 0xffffffffffffffff

Linker script and memory map

LOAD build/start.o
LOAD build/controllerDriver.o
LOAD build/framebuffer.o
LOAD build/main.o
LOAD build/mbox.o
LOAD build/random.o
LOAD build/ssp.o
LOAD build/uart.o
                0x0000000000080000                . = 0x80000

.text           0x0000000000080000     0x3af8
 *(.text.boot)
 .text.boot     0x0000000000080000       0x50 build/start.o
                0x0000000000080000                _start
 *(.text .text.* .gnu.linkonce.t*)
 .text          0x0000000000080050        0x0 build/start.o
 .text          0x0000000000080050      0x3a8 build/controllerDriver.o
                0x0000000000080050                initGPIO
                0x0000000000080150                writeLatch
                0x0000000000080194                writeClock
                0x00000000000801d8                readData
                0x00000000000801f0                wait
                0x0000000000080240                readSNES
                0x00000000000802d4                getSNES
                0x00000000000803a0                initSNES
 .text          0x00000000000803f8      0x5d4 build/framebuffer.o
                0x00000000000803f8                init_framebuffer
                0x00000000000806fc                drawPixel
                0x0000000000080758                fillScreen
                0x00000000000807dc                drawRect
                0x00000000000808cc                drawImage
 .text          0x00000000000809cc     0x2d10 build/main.o
                0x00000000000809cc                printf
                0x00000000000809ec                updateTimeRem
                0x0000000000080a20                intToString
                0x0000000000080c40                drawUI
                0x0000000000080e0c                updateUI
                0x0000000000081880                pauseMenu
                0x0000000000081888                drawMap
                0x0000000000081a38                drawEntities
                0x0000000000082064                checkCollision
                0x0000000000082538                updatePlayer
                0x0000000000082868                updateSaws
                0x0000000000082f14                updateFlames
                0x0000000000083214                main
                0x0000000000083298                menu
                0x00000000000834d0                level1
 .text          0x00000000000836dc       0xac build/mbox.o
                0x00000000000836dc                mbox_call
 .text          0x0000000000083788       0x48 build/random.o
                0x0000000000083788                rand
 .text          0x00000000000837d0       0x1c build/ssp.o
                0x00000000000837d0                __stack_chk_fail
 .text          0x00000000000837ec      0x30c build/uart.o
                0x00000000000837ec                spin_for_cycles
                0x0000000000083820                uart_init
                0x000000000008398c                uart_send
                0x00000000000839cc                uart_getc
                0x0000000000083a1c                uart_puts
                0x0000000000083a78                uart_hex

.iplt           0x0000000000083af8        0x0
 .iplt          0x0000000000083af8        0x0 build/start.o

.rodata         0x0000000000083af8   0x11c7ca
 *(.rodata .rodata.* .gnu.linkonce.r*)
 .rodata        0x0000000000083af8   0x11c7a2 build/main.o
 *fill*         0x00000000001a029a        0x6 
 .rodata        0x00000000001a02a0       0x22 build/ssp.o
                [!provide]                        PROVIDE (_data = .)

.rela.dyn       0x00000000001a02c8        0x0
 .rela.iplt     0x00000000001a02c8        0x0 build/start.o
 .rela.text.boot
                0x00000000001a02c8        0x0 build/start.o

.data           0x00000000001a02c8     0x1430
 *(.data .data.* .gnu.linkonce.d*)
 .data          0x00000000001a02c8        0x0 build/start.o
 .data          0x00000000001a02c8       0x30 build/controllerDriver.o
                0x00000000001a02c8                gpfs
 .data          0x00000000001a02f8        0x0 build/framebuffer.o
 .data          0x00000000001a02f8     0x1400 build/main.o
                0x00000000001a02f8                level1Map
                0x00000000001a0cf8                level1Entities
 .data          0x00000000001a16f8        0x0 build/mbox.o
 .data          0x00000000001a16f8        0x0 build/random.o
 .data          0x00000000001a16f8        0x0 build/ssp.o
 .data          0x00000000001a16f8        0x0 build/uart.o

.igot.plt       0x00000000001a16f8        0x0
 .igot.plt      0x00000000001a16f8        0x0 build/start.o

.bss            0x00000000001a1700     0x14f4
                0x00000000001a1700                . = ALIGN (0x10)
                0x00000000001a1700                __bss_start = .
 *(.bss .bss.*)
 .bss           0x00000000001a1700        0x0 build/start.o
 .bss           0x00000000001a1700        0x8 build/controllerDriver.o
                0x00000000001a1700                current
                0x00000000001a1704                previous
 .bss           0x00000000001a1708       0x18 build/framebuffer.o
                0x00000000001a1708                width
                0x00000000001a170c                height
                0x00000000001a1710                pitch
                0x00000000001a1718                framebuffer
 .bss           0x00000000001a1720     0x1438 build/main.o
                0x00000000001a1720                pressedButtons
                0x00000000001a1728                state
 *fill*         0x00000000001a2b58        0x8 
 .bss           0x00000000001a2b60       0x90 build/mbox.o
                0x00000000001a2b60                mbox
 .bss           0x00000000001a2bf0        0x4 build/random.o
                0x00000000001a2bf0                rseed
 .bss           0x00000000001a2bf4        0x0 build/ssp.o
 .bss           0x00000000001a2bf4        0x0 build/uart.o
 *(COMMON)
                0x00000000001a2bf4                __bss_end = .
                0x00000000001a2bf4                _end = .

/DISCARD/
 *(.comment)
 *(.gnu*)
 *(.note*)
 *(.eh_frame*)
                0x000000000000029e                __bss_size = ((__bss_end - __bss_start) >> 0x3)
OUTPUT(kernel8.elf elf64-littleaarch64)
LOAD linker stubs

.debug_info     0x0000000000000000     0x2314
 .debug_info    0x0000000000000000      0x271 build/controllerDriver.o
 .debug_info    0x0000000000000271      0x347 build/framebuffer.o
 .debug_info    0x00000000000005b8     0x1a27 build/main.o
 .debug_info    0x0000000000001fdf       0xba build/mbox.o
 .debug_info    0x0000000000002099       0x6a build/random.o
 .debug_info    0x0000000000002103       0x68 build/ssp.o
 .debug_info    0x000000000000216b      0x1a9 build/uart.o

.debug_abbrev   0x0000000000000000      0x7b6
 .debug_abbrev  0x0000000000000000      0x130 build/controllerDriver.o
 .debug_abbrev  0x0000000000000130      0x132 build/framebuffer.o
 .debug_abbrev  0x0000000000000262      0x2eb build/main.o
 .debug_abbrev  0x000000000000054d       0x98 build/mbox.o
 .debug_abbrev  0x00000000000005e5       0x4b build/random.o
 .debug_abbrev  0x0000000000000630       0x60 build/ssp.o
 .debug_abbrev  0x0000000000000690      0x126 build/uart.o

.debug_aranges  0x0000000000000000      0x150
 .debug_aranges
                0x0000000000000000       0x30 build/controllerDriver.o
 .debug_aranges
                0x0000000000000030       0x30 build/framebuffer.o
 .debug_aranges
                0x0000000000000060       0x30 build/main.o
 .debug_aranges
                0x0000000000000090       0x30 build/mbox.o
 .debug_aranges
                0x00000000000000c0       0x30 build/random.o
 .debug_aranges
                0x00000000000000f0       0x30 build/ssp.o
 .debug_aranges
                0x0000000000000120       0x30 build/uart.o

.debug_line     0x0000000000000000     0x1532
 .debug_line    0x0000000000000000      0x178 build/controllerDriver.o
 .debug_line    0x0000000000000178      0x1b9 build/framebuffer.o
 .debug_line    0x0000000000000331      0xf4c build/main.o
 .debug_line    0x000000000000127d       0x93 build/mbox.o
 .debug_line    0x0000000000001310       0x61 build/random.o
 .debug_line    0x0000000000001371       0x58 build/ssp.o
 .debug_line    0x00000000000013c9      0x169 build/uart.o

.debug_str      0x0000000000000000      0x4e0
 .debug_str     0x0000000000000000      0x4e0 build/controllerDriver.o
                                         0xe1 (size before relaxing)
 .debug_str     0x00000000000004e0       0xfe build/framebuffer.o
 .debug_str     0x00000000000004e0      0x3f5 build/main.o
 .debug_str     0x00000000000004e0       0x6d build/mbox.o
 .debug_str     0x00000000000004e0       0x3c build/random.o
 .debug_str     0x00000000000004e0       0x51 build/ssp.o
 .debug_str     0x00000000000004e0       0xb3 build/uart.o

.debug_line_str
                0x0000000000000000      0x2f0
 .debug_line_str
                0x0000000000000000      0x2f0 build/controllerDriver.o
                                         0x9f (size before relaxing)
 .debug_line_str
                0x00000000000002f0       0x97 build/framebuffer.o
 .debug_line_str
                0x00000000000002f0      0x2bb build/main.o
 .debug_line_str
                0x00000000000002f0       0x7b build/mbox.o
 .debug_line_str
                0x00000000000002f0       0x81 build/random.o
 .debug_line_str
                0x00000000000002f0       0x7f build/ssp.o
 .debug_line_str
                0x00000000000002f0       0x82 build/uart.o

.debug_frame    0x0000000000000000      0x5b8
 .debug_frame   0x0000000000000000      0x120 build/controllerDriver.o
 .debug_frame   0x0000000000000120       0xd0 build/framebuffer.o
 .debug_frame   0x00000000000001f0      0x250 build/main.o
 .debug_frame   0x0000000000000440       0x30 build/mbox.o
 .debug_frame   0x0000000000000470       0x28 build/random.o
 .debug_frame   0x0000000000000498       0x30 build/ssp.o
 .debug_frame   0x00000000000004c8       0xf0 build/uart.o
