
Discarded input sections

 .comment       0x0000000000000000       0x13 build/controllerDriver.o
 .comment       0x0000000000000000       0x13 build/framebuffer.o
 .comment       0x0000000000000000       0x13 build/main.o
 .comment       0x0000000000000000       0x13 build/mbox.o
 .comment       0x0000000000000000       0x13 build/random.o
 .comment       0x0000000000000000       0x13 build/ssp.o
 .comment       0x0000000000000000       0x13 build/uart.o

Memory Configuration

Name             Origin             Length             Attributes
*default*        0x0000000000000000 0xffffffffffffffff

Linker script and memory map

LOAD build/start.o
LOAD build/controllerDriver.o
LOAD build/framebuffer.o
LOAD build/main.o
LOAD build/mbox.o
LOAD build/random.o
LOAD build/ssp.o
LOAD build/uart.o
                0x0000000000080000                . = 0x80000

.text           0x0000000000080000     0x3e48
 *(.text.boot)
 .text.boot     0x0000000000080000       0x50 build/start.o
                0x0000000000080000                _start
 *(.text .text.* .gnu.linkonce.t*)
 .text          0x0000000000080050        0x0 build/start.o
 .text          0x0000000000080050      0x3a8 build/controllerDriver.o
                0x0000000000080050                initGPIO
                0x0000000000080150                writeLatch
                0x0000000000080194                writeClock
                0x00000000000801d8                readData
                0x00000000000801f0                wait
                0x0000000000080240                readSNES
                0x00000000000802d4                getSNES
                0x00000000000803a0                initSNES
 .text          0x00000000000803f8      0x5d4 build/framebuffer.o
                0x00000000000803f8                init_framebuffer
                0x00000000000806fc                drawPixel
                0x0000000000080758                fillScreen
                0x00000000000807dc                drawRect
                0x00000000000808cc                drawImage
 .text          0x00000000000809cc     0x306c build/main.o
                0x00000000000809cc                printf
                0x00000000000809ec                updateTimeRem
                0x0000000000080a20                intToString
                0x0000000000080c40                drawUI
                0x0000000000080e0c                updateUI
                0x0000000000081880                pauseMenu
                0x0000000000081888                drawTile
                0x0000000000081b48                drawMap
                0x0000000000081bb4                drawEntities
                0x0000000000082524                checkCollision
                0x0000000000082a58                updatePlayer
                0x0000000000082d14                updateSaws
                0x00000000000831f0                updateFlames
                0x00000000000834b4                main
                0x0000000000083580                menu
                0x00000000000837b8                level
 .text          0x0000000000083a38       0xac build/mbox.o
                0x0000000000083a38                mbox_call
 .text          0x0000000000083ae4       0x3c build/random.o
                0x0000000000083ae4                rand
 .text          0x0000000000083b20       0x1c build/ssp.o
                0x0000000000083b20                __stack_chk_fail
 .text          0x0000000000083b3c      0x30c build/uart.o
                0x0000000000083b3c                spin_for_cycles
                0x0000000000083b70                uart_init
                0x0000000000083cdc                uart_send
                0x0000000000083d1c                uart_getc
                0x0000000000083d6c                uart_puts
                0x0000000000083dc8                uart_hex

.iplt           0x0000000000083e48        0x0
 .iplt          0x0000000000083e48        0x0 build/start.o

.rodata         0x0000000000083e48   0x12686a
 *(.rodata .rodata.* .gnu.linkonce.r*)
 .rodata        0x0000000000083e48   0x126842 build/main.o
 *fill*         0x00000000001aa68a        0x6 
 .rodata        0x00000000001aa690       0x22 build/ssp.o
                [!provide]                        PROVIDE (_data = .)

.rela.dyn       0x00000000001aa6b8        0x0
 .rela.iplt     0x00000000001aa6b8        0x0 build/start.o
 .rela.text.boot
                0x00000000001aa6b8        0x0 build/start.o

.data           0x00000000001aa6b8     0x2838
 *(.data .data.* .gnu.linkonce.d*)
 .data          0x00000000001aa6b8        0x0 build/start.o
 .data          0x00000000001aa6b8       0x30 build/controllerDriver.o
                0x00000000001aa6b8                gpfs
 .data          0x00000000001aa6e8        0x0 build/framebuffer.o
 .data          0x00000000001aa6e8     0x2808 build/main.o
                0x00000000001aa6e8                displayTime
                0x00000000001aa6f0                level1Map
                0x00000000001ab0f0                level1Entities
                0x00000000001abaf0                level2Map
                0x00000000001ac4f0                level2Entities
 .data          0x00000000001acef0        0x0 build/mbox.o
 .data          0x00000000001acef0        0x0 build/random.o
 .data          0x00000000001acef0        0x0 build/ssp.o
 .data          0x00000000001acef0        0x0 build/uart.o

.igot.plt       0x00000000001acef0        0x0
 .igot.plt      0x00000000001acef0        0x0 build/start.o

.bss            0x00000000001acef0     0x14f4
                0x00000000001acef0                . = ALIGN (0x10)
                0x00000000001acef0                __bss_start = .
 *(.bss .bss.*)
 .bss           0x00000000001acef0        0x0 build/start.o
 .bss           0x00000000001acef0        0x8 build/controllerDriver.o
                0x00000000001acef0                current
                0x00000000001acef4                previous
 .bss           0x00000000001acef8       0x18 build/framebuffer.o
                0x00000000001acef8                width
                0x00000000001acefc                height
                0x00000000001acf00                pitch
                0x00000000001acf08                framebuffer
 .bss           0x00000000001acf10     0x1440 build/main.o
                0x00000000001acf10                pressedButtons
                0x00000000001acf18                state
 .bss           0x00000000001ae350       0x90 build/mbox.o
                0x00000000001ae350                mbox
 .bss           0x00000000001ae3e0        0x4 build/random.o
                0x00000000001ae3e0                rseed
 .bss           0x00000000001ae3e4        0x0 build/ssp.o
 .bss           0x00000000001ae3e4        0x0 build/uart.o
 *(COMMON)
                0x00000000001ae3e4                __bss_end = .
                0x00000000001ae3e4                _end = .

/DISCARD/
 *(.comment)
 *(.gnu*)
 *(.note*)
 *(.eh_frame*)
                0x000000000000029e                __bss_size = ((__bss_end - __bss_start) >> 0x3)
OUTPUT(kernel8.elf elf64-littleaarch64)
LOAD linker stubs

.debug_info     0x0000000000000000     0x2783
 .debug_info    0x0000000000000000      0x271 build/controllerDriver.o
 .debug_info    0x0000000000000271      0x347 build/framebuffer.o
 .debug_info    0x00000000000005b8     0x1e86 build/main.o
 .debug_info    0x000000000000243e       0xba build/mbox.o
 .debug_info    0x00000000000024f8       0x7a build/random.o
 .debug_info    0x0000000000002572       0x68 build/ssp.o
 .debug_info    0x00000000000025da      0x1a9 build/uart.o

.debug_abbrev   0x0000000000000000      0x7e8
 .debug_abbrev  0x0000000000000000      0x130 build/controllerDriver.o
 .debug_abbrev  0x0000000000000130      0x132 build/framebuffer.o
 .debug_abbrev  0x0000000000000262      0x30a build/main.o
 .debug_abbrev  0x000000000000056c       0x98 build/mbox.o
 .debug_abbrev  0x0000000000000604       0x5e build/random.o
 .debug_abbrev  0x0000000000000662       0x60 build/ssp.o
 .debug_abbrev  0x00000000000006c2      0x126 build/uart.o

.debug_aranges  0x0000000000000000      0x150
 .debug_aranges
                0x0000000000000000       0x30 build/controllerDriver.o
 .debug_aranges
                0x0000000000000030       0x30 build/framebuffer.o
 .debug_aranges
                0x0000000000000060       0x30 build/main.o
 .debug_aranges
                0x0000000000000090       0x30 build/mbox.o
 .debug_aranges
                0x00000000000000c0       0x30 build/random.o
 .debug_aranges
                0x00000000000000f0       0x30 build/ssp.o
 .debug_aranges
                0x0000000000000120       0x30 build/uart.o

.debug_line     0x0000000000000000     0x16ad
 .debug_line    0x0000000000000000      0x178 build/controllerDriver.o
 .debug_line    0x0000000000000178      0x1b9 build/framebuffer.o
 .debug_line    0x0000000000000331     0x10ca build/main.o
 .debug_line    0x00000000000013fb       0x93 build/mbox.o
 .debug_line    0x000000000000148e       0x5e build/random.o
 .debug_line    0x00000000000014ec       0x58 build/ssp.o
 .debug_line    0x0000000000001544      0x169 build/uart.o

.debug_str      0x0000000000000000      0x571
 .debug_str     0x0000000000000000      0x571 build/controllerDriver.o
                                         0xe1 (size before relaxing)
 .debug_str     0x0000000000000571       0xfe build/framebuffer.o
 .debug_str     0x0000000000000571      0x486 build/main.o
 .debug_str     0x0000000000000571       0x6d build/mbox.o
 .debug_str     0x0000000000000571       0x3c build/random.o
 .debug_str     0x0000000000000571       0x51 build/ssp.o
 .debug_str     0x0000000000000571       0xb3 build/uart.o

.debug_line_str
                0x0000000000000000      0x349
 .debug_line_str
                0x0000000000000000      0x349 build/controllerDriver.o
                                         0x9f (size before relaxing)
 .debug_line_str
                0x0000000000000349       0x97 build/framebuffer.o
 .debug_line_str
                0x0000000000000349      0x314 build/main.o
 .debug_line_str
                0x0000000000000349       0x7b build/mbox.o
 .debug_line_str
                0x0000000000000349       0x81 build/random.o
 .debug_line_str
                0x0000000000000349       0x7f build/ssp.o
 .debug_line_str
                0x0000000000000349       0x82 build/uart.o

.debug_frame    0x0000000000000000      0x5e8
 .debug_frame   0x0000000000000000      0x120 build/controllerDriver.o
 .debug_frame   0x0000000000000120       0xd0 build/framebuffer.o
 .debug_frame   0x00000000000001f0      0x278 build/main.o
 .debug_frame   0x0000000000000468       0x30 build/mbox.o
 .debug_frame   0x0000000000000498       0x30 build/random.o
 .debug_frame   0x00000000000004c8       0x30 build/ssp.o
 .debug_frame   0x00000000000004f8       0xf0 build/uart.o

.debug_rnglists
                0x0000000000000000       0x17
 .debug_rnglists
                0x0000000000000000       0x17 build/main.o
