
Discarded input sections

 .comment       0x0000000000000000       0x13 build/controllerDriver.o
 .comment       0x0000000000000000       0x13 build/framebuffer.o
 .comment       0x0000000000000000       0x13 build/main.o
 .comment       0x0000000000000000       0x13 build/mbox.o
 .comment       0x0000000000000000       0x13 build/random.o
 .comment       0x0000000000000000       0x13 build/ssp.o
 .comment       0x0000000000000000       0x13 build/uart.o

Memory Configuration

Name             Origin             Length             Attributes
*default*        0x0000000000000000 0xffffffffffffffff

Linker script and memory map

LOAD build/start.o
LOAD build/controllerDriver.o
LOAD build/framebuffer.o
LOAD build/main.o
LOAD build/mbox.o
LOAD build/random.o
LOAD build/ssp.o
LOAD build/uart.o
                0x0000000000080000                . = 0x80000

.text           0x0000000000080000     0x41f4
 *(.text.boot)
 .text.boot     0x0000000000080000       0x50 build/start.o
                0x0000000000080000                _start
 *(.text .text.* .gnu.linkonce.t*)
 .text          0x0000000000080050        0x0 build/start.o
 .text          0x0000000000080050      0x3a8 build/controllerDriver.o
                0x0000000000080050                initGPIO
                0x0000000000080150                writeLatch
                0x0000000000080194                writeClock
                0x00000000000801d8                readData
                0x00000000000801f0                wait
                0x0000000000080240                readSNES
                0x00000000000802d4                getSNES
                0x00000000000803a0                initSNES
 .text          0x00000000000803f8      0x5d4 build/framebuffer.o
                0x00000000000803f8                init_framebuffer
                0x00000000000806fc                drawPixel
                0x0000000000080758                fillScreen
                0x00000000000807dc                drawRect
                0x00000000000808cc                drawImage
 .text          0x00000000000809cc     0x3418 build/main.o
                0x00000000000809cc                printf
                0x00000000000809ec                updateTimeRem
                0x0000000000080a20                updateScore
                0x0000000000080a80                intToString
                0x0000000000080ca0                drawUI
                0x0000000000080e6c                updateUI
                0x0000000000081994                drawPauseMenu
                0x0000000000081bf4                drawTile
                0x0000000000081eb4                drawMap
                0x0000000000081f20                drawEntities
                0x0000000000082890                checkCollision
                0x0000000000082dc4                updatePlayer
                0x0000000000083080                updateSaws
                0x000000000008355c                updateFlames
                0x00000000000837e8                main
                0x00000000000838a8                menu
                0x0000000000083aec                endMenu
                0x0000000000083b24                level
 .text          0x0000000000083de4       0xac build/mbox.o
                0x0000000000083de4                mbox_call
 .text          0x0000000000083e90       0x3c build/random.o
                0x0000000000083e90                rand
 .text          0x0000000000083ecc       0x1c build/ssp.o
                0x0000000000083ecc                __stack_chk_fail
 .text          0x0000000000083ee8      0x30c build/uart.o
                0x0000000000083ee8                spin_for_cycles
                0x0000000000083f1c                uart_init
                0x0000000000084088                uart_send
                0x00000000000840c8                uart_getc
                0x0000000000084118                uart_puts
                0x0000000000084174                uart_hex

.iplt           0x00000000000841f4        0x0
 .iplt          0x00000000000841f4        0x0 build/start.o

.rodata         0x00000000000841f8   0x517ca2
 *(.rodata .rodata.* .gnu.linkonce.r*)
 .rodata        0x00000000000841f8   0x517c7a build/main.o
 *fill*         0x000000000059be72        0x6 
 .rodata        0x000000000059be78       0x22 build/ssp.o
                [!provide]                        PROVIDE (_data = .)

.rela.dyn       0x000000000059bea0        0x0
 .rela.iplt     0x000000000059bea0        0x0 build/start.o
 .rela.text.boot
                0x000000000059bea0        0x0 build/start.o

.data           0x000000000059bea0     0x2838
 *(.data .data.* .gnu.linkonce.d*)
 .data          0x000000000059bea0        0x0 build/start.o
 .data          0x000000000059bea0       0x30 build/controllerDriver.o
                0x000000000059bea0                gpfs
 .data          0x000000000059bed0        0x0 build/framebuffer.o
 .data          0x000000000059bed0     0x2808 build/main.o
                0x000000000059bed0                displayTime
                0x000000000059bed8                level1Map
                0x000000000059c8d8                level1Entities
                0x000000000059d2d8                level2Map
                0x000000000059dcd8                level2Entities
 .data          0x000000000059e6d8        0x0 build/mbox.o
 .data          0x000000000059e6d8        0x0 build/random.o
 .data          0x000000000059e6d8        0x0 build/ssp.o
 .data          0x000000000059e6d8        0x0 build/uart.o

.igot.plt       0x000000000059e6d8        0x0
 .igot.plt      0x000000000059e6d8        0x0 build/start.o

.bss            0x000000000059e6e0     0x1504
                0x000000000059e6e0                . = ALIGN (0x10)
                0x000000000059e6e0                __bss_start = .
 *(.bss .bss.*)
 .bss           0x000000000059e6e0        0x0 build/start.o
 .bss           0x000000000059e6e0        0x8 build/controllerDriver.o
                0x000000000059e6e0                current
                0x000000000059e6e4                previous
 .bss           0x000000000059e6e8       0x18 build/framebuffer.o
                0x000000000059e6e8                width
                0x000000000059e6ec                height
                0x000000000059e6f0                pitch
                0x000000000059e6f8                framebuffer
 .bss           0x000000000059e700     0x1448 build/main.o
                0x000000000059e700                pressedButtons
                0x000000000059e708                state
 *fill*         0x000000000059fb48        0x8 
 .bss           0x000000000059fb50       0x90 build/mbox.o
                0x000000000059fb50                mbox
 .bss           0x000000000059fbe0        0x4 build/random.o
                0x000000000059fbe0                rseed
 .bss           0x000000000059fbe4        0x0 build/ssp.o
 .bss           0x000000000059fbe4        0x0 build/uart.o
 *(COMMON)
                0x000000000059fbe4                __bss_end = .
                0x000000000059fbe4                _end = .

/DISCARD/
 *(.comment)
 *(.gnu*)
 *(.note*)
 *(.eh_frame*)
                0x00000000000002a0                __bss_size = ((__bss_end - __bss_start) >> 0x3)
OUTPUT(kernel8.elf elf64-littleaarch64)
LOAD linker stubs

.debug_info     0x0000000000000000     0x2ac2
 .debug_info    0x0000000000000000      0x271 build/controllerDriver.o
 .debug_info    0x0000000000000271      0x347 build/framebuffer.o
 .debug_info    0x00000000000005b8     0x21c5 build/main.o
 .debug_info    0x000000000000277d       0xba build/mbox.o
 .debug_info    0x0000000000002837       0x7a build/random.o
 .debug_info    0x00000000000028b1       0x68 build/ssp.o
 .debug_info    0x0000000000002919      0x1a9 build/uart.o

.debug_abbrev   0x0000000000000000      0x7eb
 .debug_abbrev  0x0000000000000000      0x130 build/controllerDriver.o
 .debug_abbrev  0x0000000000000130      0x132 build/framebuffer.o
 .debug_abbrev  0x0000000000000262      0x30d build/main.o
 .debug_abbrev  0x000000000000056f       0x98 build/mbox.o
 .debug_abbrev  0x0000000000000607       0x5e build/random.o
 .debug_abbrev  0x0000000000000665       0x60 build/ssp.o
 .debug_abbrev  0x00000000000006c5      0x126 build/uart.o

.debug_aranges  0x0000000000000000      0x150
 .debug_aranges
                0x0000000000000000       0x30 build/controllerDriver.o
 .debug_aranges
                0x0000000000000030       0x30 build/framebuffer.o
 .debug_aranges
                0x0000000000000060       0x30 build/main.o
 .debug_aranges
                0x0000000000000090       0x30 build/mbox.o
 .debug_aranges
                0x00000000000000c0       0x30 build/random.o
 .debug_aranges
                0x00000000000000f0       0x30 build/ssp.o
 .debug_aranges
                0x0000000000000120       0x30 build/uart.o

.debug_line     0x0000000000000000     0x1812
 .debug_line    0x0000000000000000      0x178 build/controllerDriver.o
 .debug_line    0x0000000000000178      0x1b9 build/framebuffer.o
 .debug_line    0x0000000000000331     0x122f build/main.o
 .debug_line    0x0000000000001560       0x93 build/mbox.o
 .debug_line    0x00000000000015f3       0x5e build/random.o
 .debug_line    0x0000000000001651       0x58 build/ssp.o
 .debug_line    0x00000000000016a9      0x169 build/uart.o

.debug_str      0x0000000000000000      0x5d9
 .debug_str     0x0000000000000000      0x5d9 build/controllerDriver.o
                                         0xe1 (size before relaxing)
 .debug_str     0x00000000000005d9       0xfe build/framebuffer.o
 .debug_str     0x00000000000005d9      0x50d build/main.o
 .debug_str     0x00000000000005d9       0x6d build/mbox.o
 .debug_str     0x00000000000005d9       0x3c build/random.o
 .debug_str     0x00000000000005d9       0x51 build/ssp.o
 .debug_str     0x00000000000005d9       0xb3 build/uart.o

.debug_line_str
                0x0000000000000000      0x3be
 .debug_line_str
                0x0000000000000000      0x3be build/controllerDriver.o
                                         0xb1 (size before relaxing)
 .debug_line_str
                0x00000000000003be       0xa9 build/framebuffer.o
 .debug_line_str
                0x00000000000003be      0x3af build/main.o
 .debug_line_str
                0x00000000000003be       0x8d build/mbox.o
 .debug_line_str
                0x00000000000003be       0x93 build/random.o
 .debug_line_str
                0x00000000000003be       0x91 build/ssp.o
 .debug_line_str
                0x00000000000003be       0x94 build/uart.o

.debug_frame    0x0000000000000000      0x638
 .debug_frame   0x0000000000000000      0x120 build/controllerDriver.o
 .debug_frame   0x0000000000000120       0xd0 build/framebuffer.o
 .debug_frame   0x00000000000001f0      0x2c8 build/main.o
 .debug_frame   0x00000000000004b8       0x30 build/mbox.o
 .debug_frame   0x00000000000004e8       0x30 build/random.o
 .debug_frame   0x0000000000000518       0x30 build/ssp.o
 .debug_frame   0x0000000000000548       0xf0 build/uart.o

.debug_rnglists
                0x0000000000000000       0x17
 .debug_rnglists
                0x0000000000000000       0x17 build/main.o
