
Discarded input sections

 .comment       0x0000000000000000       0x13 build/controllerDriver.o
 .comment       0x0000000000000000       0x13 build/framebuffer.o
 .comment       0x0000000000000000       0x13 build/main.o
 .comment       0x0000000000000000       0x13 build/mbox.o
 .comment       0x0000000000000000       0x13 build/ssp.o
 .comment       0x0000000000000000       0x13 build/uart.o

Memory Configuration

Name             Origin             Length             Attributes
*default*        0x0000000000000000 0xffffffffffffffff

Linker script and memory map

LOAD build/start.o
LOAD build/controllerDriver.o
LOAD build/framebuffer.o
LOAD build/main.o
LOAD build/mbox.o
LOAD build/ssp.o
LOAD build/uart.o
                0x0000000000080000                . = 0x80000

.text           0x0000000000080000     0x2e78
 *(.text.boot)
 .text.boot     0x0000000000080000       0x50 build/start.o
                0x0000000000080000                _start
 *(.text .text.* .gnu.linkonce.t*)
 .text          0x0000000000080050        0x0 build/start.o
 .text          0x0000000000080050      0x3c8 build/controllerDriver.o
                0x0000000000080050                initGPIO
                0x0000000000080150                writeLatch
                0x0000000000080194                writeClock
                0x00000000000801d8                readData
                0x00000000000801f0                wait
                0x0000000000080240                readSNES
                0x00000000000802d4                getSNES
                0x00000000000803c0                initSNES
 .text          0x0000000000080418      0x5d4 build/framebuffer.o
                0x0000000000080418                init_framebuffer
                0x000000000008071c                drawPixel
                0x0000000000080778                fillScreen
                0x00000000000807fc                drawRect
                0x00000000000808ec                drawImage
 .text          0x00000000000809ec     0x20b8 build/main.o
                0x00000000000809ec                printf
                0x0000000000080a0c                getTime
                0x0000000000080a34                updateTimeRem
                0x0000000000080ab4                drawUI
                0x0000000000080bf0                updateUI
                0x0000000000080f44                drawMap
                0x00000000000810f4                drawEntities
                0x000000000008164c                checkCollision
                0x0000000000081978                updatePlayer
                0x0000000000081c68                updateSaws
                0x0000000000082314                updateFlames
                0x00000000000825e4                main
                0x000000000008269c                menu
                0x00000000000828c8                level1
 .text          0x0000000000082aa4       0xac build/mbox.o
                0x0000000000082aa4                mbox_call
 .text          0x0000000000082b50       0x1c build/ssp.o
                0x0000000000082b50                __stack_chk_fail
 .text          0x0000000000082b6c      0x30c build/uart.o
                0x0000000000082b6c                spin_for_cycles
                0x0000000000082ba0                uart_init
                0x0000000000082d0c                uart_send
                0x0000000000082d4c                uart_getc
                0x0000000000082d9c                uart_puts
                0x0000000000082df8                uart_hex

.iplt           0x0000000000082e78        0x0
 .iplt          0x0000000000082e78        0x0 build/start.o

.rodata         0x0000000000082e78   0x1111c2
 *(.rodata .rodata.* .gnu.linkonce.r*)
 .rodata        0x0000000000082e78   0x1111a0 build/main.o
 .rodata        0x0000000000194018       0x22 build/ssp.o
                [!provide]                        PROVIDE (_data = .)

.rela.dyn       0x0000000000194040        0x0
 .rela.iplt     0x0000000000194040        0x0 build/start.o
 .rela.text.boot
                0x0000000000194040        0x0 build/start.o

.data           0x0000000000194040     0x1430
 *(.data .data.* .gnu.linkonce.d*)
 .data          0x0000000000194040        0x0 build/start.o
 .data          0x0000000000194040       0x30 build/controllerDriver.o
                0x0000000000194040                gpfs
 .data          0x0000000000194070        0x0 build/framebuffer.o
 .data          0x0000000000194070     0x1400 build/main.o
                0x0000000000194070                level1Map
                0x0000000000194a70                level1Entities
 .data          0x0000000000195470        0x0 build/mbox.o
 .data          0x0000000000195470        0x0 build/ssp.o
 .data          0x0000000000195470        0x0 build/uart.o

.igot.plt       0x0000000000195470        0x0
 .igot.plt      0x0000000000195470        0x0 build/start.o

.bss            0x0000000000195470     0x14e0
                0x0000000000195470                . = ALIGN (0x10)
                0x0000000000195470                __bss_start = .
 *(.bss .bss.*)
 .bss           0x0000000000195470        0x0 build/start.o
 .bss           0x0000000000195470        0x8 build/controllerDriver.o
                0x0000000000195470                current
                0x0000000000195474                previous
 .bss           0x0000000000195478       0x18 build/framebuffer.o
                0x0000000000195478                width
                0x000000000019547c                height
                0x0000000000195480                pitch
                0x0000000000195488                framebuffer
 .bss           0x0000000000195490     0x1430 build/main.o
                0x0000000000195490                oldTime
                0x0000000000195494                pressedButtons
                0x0000000000195498                state
 .bss           0x00000000001968c0       0x90 build/mbox.o
                0x00000000001968c0                mbox
 .bss           0x0000000000196950        0x0 build/ssp.o
 .bss           0x0000000000196950        0x0 build/uart.o
 *(COMMON)
                0x0000000000196950                __bss_end = .
                0x0000000000196950                _end = .

/DISCARD/
 *(.comment)
 *(.gnu*)
 *(.note*)
 *(.eh_frame*)
                0x000000000000029c                __bss_size = ((__bss_end - __bss_start) >> 0x3)
OUTPUT(kernel8.elf elf64-littleaarch64)
LOAD linker stubs

.debug_info     0x0000000000000000     0x1c30
 .debug_info    0x0000000000000000      0x271 build/controllerDriver.o
 .debug_info    0x0000000000000271      0x347 build/framebuffer.o
 .debug_info    0x00000000000005b8     0x13ad build/main.o
 .debug_info    0x0000000000001965       0xba build/mbox.o
 .debug_info    0x0000000000001a1f       0x68 build/ssp.o
 .debug_info    0x0000000000001a87      0x1a9 build/uart.o

.debug_abbrev   0x0000000000000000      0x740
 .debug_abbrev  0x0000000000000000      0x130 build/controllerDriver.o
 .debug_abbrev  0x0000000000000130      0x132 build/framebuffer.o
 .debug_abbrev  0x0000000000000262      0x2c0 build/main.o
 .debug_abbrev  0x0000000000000522       0x98 build/mbox.o
 .debug_abbrev  0x00000000000005ba       0x60 build/ssp.o
 .debug_abbrev  0x000000000000061a      0x126 build/uart.o

.debug_aranges  0x0000000000000000      0x120
 .debug_aranges
                0x0000000000000000       0x30 build/controllerDriver.o
 .debug_aranges
                0x0000000000000030       0x30 build/framebuffer.o
 .debug_aranges
                0x0000000000000060       0x30 build/main.o
 .debug_aranges
                0x0000000000000090       0x30 build/mbox.o
 .debug_aranges
                0x00000000000000c0       0x30 build/ssp.o
 .debug_aranges
                0x00000000000000f0       0x30 build/uart.o

.debug_line     0x0000000000000000     0x1102
 .debug_line    0x0000000000000000      0x182 build/controllerDriver.o
 .debug_line    0x0000000000000182      0x1b9 build/framebuffer.o
 .debug_line    0x000000000000033b      0xb73 build/main.o
 .debug_line    0x0000000000000eae       0x93 build/mbox.o
 .debug_line    0x0000000000000f41       0x58 build/ssp.o
 .debug_line    0x0000000000000f99      0x169 build/uart.o

.debug_str      0x0000000000000000      0x408
 .debug_str     0x0000000000000000      0x408 build/controllerDriver.o
                                         0xe1 (size before relaxing)
 .debug_str     0x0000000000000408       0xfe build/framebuffer.o
 .debug_str     0x0000000000000408      0x31c build/main.o
 .debug_str     0x0000000000000408       0x6d build/mbox.o
 .debug_str     0x0000000000000408       0x51 build/ssp.o
 .debug_str     0x0000000000000408       0xb3 build/uart.o

.debug_line_str
                0x0000000000000000      0x226
 .debug_line_str
                0x0000000000000000      0x226 build/controllerDriver.o
                                         0x9f (size before relaxing)
 .debug_line_str
                0x0000000000000226       0x97 build/framebuffer.o
 .debug_line_str
                0x0000000000000226      0x201 build/main.o
 .debug_line_str
                0x0000000000000226       0x7b build/mbox.o
 .debug_line_str
                0x0000000000000226       0x7f build/ssp.o
 .debug_line_str
                0x0000000000000226       0x82 build/uart.o

.debug_frame    0x0000000000000000      0x570
 .debug_frame   0x0000000000000000      0x120 build/controllerDriver.o
 .debug_frame   0x0000000000000120       0xd0 build/framebuffer.o
 .debug_frame   0x00000000000001f0      0x230 build/main.o
 .debug_frame   0x0000000000000420       0x30 build/mbox.o
 .debug_frame   0x0000000000000450       0x30 build/ssp.o
 .debug_frame   0x0000000000000480       0xf0 build/uart.o
