
Discarded input sections

 .comment       0x0000000000000000       0x13 build/controllerDriver.o
 .comment       0x0000000000000000       0x13 build/framebuffer.o
 .comment       0x0000000000000000       0x13 build/main.o
 .comment       0x0000000000000000       0x13 build/mbox.o
 .comment       0x0000000000000000       0x13 build/ssp.o
 .comment       0x0000000000000000       0x13 build/uart.o

Memory Configuration

Name             Origin             Length             Attributes
*default*        0x0000000000000000 0xffffffffffffffff

Linker script and memory map

LOAD build/start.o
LOAD build/controllerDriver.o
LOAD build/framebuffer.o
LOAD build/main.o
LOAD build/mbox.o
LOAD build/ssp.o
LOAD build/uart.o
                0x0000000000080000                . = 0x80000

.text           0x0000000000080000     0x287c
 *(.text.boot)
 .text.boot     0x0000000000080000       0x50 build/start.o
                0x0000000000080000                _start
 *(.text .text.* .gnu.linkonce.t*)
 .text          0x0000000000080050        0x0 build/start.o
 .text          0x0000000000080050      0x3c8 build/controllerDriver.o
                0x0000000000080050                initGPIO
                0x0000000000080150                writeLatch
                0x0000000000080194                writeClock
                0x00000000000801d8                readData
                0x00000000000801f0                wait
                0x0000000000080240                readSNES
                0x00000000000802d4                getSNES
                0x00000000000803c0                initSNES
 .text          0x0000000000080418      0x5d4 build/framebuffer.o
                0x0000000000080418                init_framebuffer
                0x000000000008071c                drawPixel
                0x0000000000080778                fillScreen
                0x00000000000807fc                drawRect
                0x00000000000808ec                drawImage
 .text          0x00000000000809ec     0x1abc build/main.o
                0x00000000000809ec                printf
                0x0000000000080a0c                drawUI
                0x0000000000080b48                updateUI
                0x0000000000080e9c                drawMap
                0x000000000008104c                drawEntities
                0x00000000000815a4                checkCollision
                0x00000000000817ac                updatePlayer
                0x0000000000081a9c                updateSaws
                0x0000000000081f84                updateFlames
                0x0000000000081f8c                updateTimeRem
                0x0000000000082008                main
                0x00000000000820c0                menu
                0x00000000000822ec                level1
 .text          0x00000000000824a8       0xac build/mbox.o
                0x00000000000824a8                mbox_call
 .text          0x0000000000082554       0x1c build/ssp.o
                0x0000000000082554                __stack_chk_fail
 .text          0x0000000000082570      0x30c build/uart.o
                0x0000000000082570                spin_for_cycles
                0x00000000000825a4                uart_init
                0x0000000000082710                uart_send
                0x0000000000082750                uart_getc
                0x00000000000827a0                uart_puts
                0x00000000000827fc                uart_hex

.iplt           0x000000000008287c        0x0
 .iplt          0x000000000008287c        0x0 build/start.o

.rodata         0x0000000000082880   0x1111c2
 *(.rodata .rodata.* .gnu.linkonce.r*)
 .rodata        0x0000000000082880   0x1111a0 build/main.o
 .rodata        0x0000000000193a20       0x22 build/ssp.o
                [!provide]                        PROVIDE (_data = .)

.rela.dyn       0x0000000000193a48        0x0
 .rela.iplt     0x0000000000193a48        0x0 build/start.o
 .rela.text.boot
                0x0000000000193a48        0x0 build/start.o

.data           0x0000000000193a48     0x1930
 *(.data .data.* .gnu.linkonce.d*)
 .data          0x0000000000193a48        0x0 build/start.o
 .data          0x0000000000193a48       0x30 build/controllerDriver.o
                0x0000000000193a48                gpfs
 .data          0x0000000000193a78        0x0 build/framebuffer.o
 .data          0x0000000000193a78     0x1900 build/main.o
                0x0000000000193a78                level1Map
                0x00000000001946f8                level1Entities
 .data          0x0000000000195378        0x0 build/mbox.o
 .data          0x0000000000195378        0x0 build/ssp.o
 .data          0x0000000000195378        0x0 build/uart.o

.igot.plt       0x0000000000195378        0x0
 .igot.plt      0x0000000000195378        0x0 build/start.o

.bss            0x0000000000195380     0x14e0
                0x0000000000195380                . = ALIGN (0x10)
                0x0000000000195380                __bss_start = .
 *(.bss .bss.*)
 .bss           0x0000000000195380        0x0 build/start.o
 .bss           0x0000000000195380        0x8 build/controllerDriver.o
                0x0000000000195380                current
                0x0000000000195384                previous
 .bss           0x0000000000195388       0x18 build/framebuffer.o
                0x0000000000195388                width
                0x000000000019538c                height
                0x0000000000195390                pitch
                0x0000000000195398                framebuffer
 .bss           0x00000000001953a0     0x1430 build/main.o
                0x00000000001953a0                oldTime
                0x00000000001953a4                pressedButtons
                0x00000000001953a8                state
 .bss           0x00000000001967d0       0x90 build/mbox.o
                0x00000000001967d0                mbox
 .bss           0x0000000000196860        0x0 build/ssp.o
 .bss           0x0000000000196860        0x0 build/uart.o
 *(COMMON)
                0x0000000000196860                __bss_end = .
                0x0000000000196860                _end = .

/DISCARD/
 *(.comment)
 *(.gnu*)
 *(.note*)
 *(.eh_frame*)
                0x000000000000029c                __bss_size = ((__bss_end - __bss_start) >> 0x3)
OUTPUT(kernel8.elf elf64-littleaarch64)
LOAD linker stubs

.debug_info     0x0000000000000000     0x1b41
 .debug_info    0x0000000000000000      0x271 build/controllerDriver.o
 .debug_info    0x0000000000000271      0x347 build/framebuffer.o
 .debug_info    0x00000000000005b8     0x12be build/main.o
 .debug_info    0x0000000000001876       0xba build/mbox.o
 .debug_info    0x0000000000001930       0x68 build/ssp.o
 .debug_info    0x0000000000001998      0x1a9 build/uart.o

.debug_abbrev   0x0000000000000000      0x755
 .debug_abbrev  0x0000000000000000      0x130 build/controllerDriver.o
 .debug_abbrev  0x0000000000000130      0x132 build/framebuffer.o
 .debug_abbrev  0x0000000000000262      0x2d5 build/main.o
 .debug_abbrev  0x0000000000000537       0x98 build/mbox.o
 .debug_abbrev  0x00000000000005cf       0x60 build/ssp.o
 .debug_abbrev  0x000000000000062f      0x126 build/uart.o

.debug_aranges  0x0000000000000000      0x120
 .debug_aranges
                0x0000000000000000       0x30 build/controllerDriver.o
 .debug_aranges
                0x0000000000000030       0x30 build/framebuffer.o
 .debug_aranges
                0x0000000000000060       0x30 build/main.o
 .debug_aranges
                0x0000000000000090       0x30 build/mbox.o
 .debug_aranges
                0x00000000000000c0       0x30 build/ssp.o
 .debug_aranges
                0x00000000000000f0       0x30 build/uart.o

.debug_line     0x0000000000000000      0xf0d
 .debug_line    0x0000000000000000      0x182 build/controllerDriver.o
 .debug_line    0x0000000000000182      0x1b9 build/framebuffer.o
 .debug_line    0x000000000000033b      0x97e build/main.o
 .debug_line    0x0000000000000cb9       0x93 build/mbox.o
 .debug_line    0x0000000000000d4c       0x58 build/ssp.o
 .debug_line    0x0000000000000da4      0x169 build/uart.o

.debug_str      0x0000000000000000      0x3f8
 .debug_str     0x0000000000000000      0x3f8 build/controllerDriver.o
                                         0xe1 (size before relaxing)
 .debug_str     0x00000000000003f8       0xfe build/framebuffer.o
 .debug_str     0x00000000000003f8      0x30c build/main.o
 .debug_str     0x00000000000003f8       0x6d build/mbox.o
 .debug_str     0x00000000000003f8       0x51 build/ssp.o
 .debug_str     0x00000000000003f8       0xb3 build/uart.o

.debug_line_str
                0x0000000000000000      0x238
 .debug_line_str
                0x0000000000000000      0x238 build/controllerDriver.o
                                         0xc3 (size before relaxing)
 .debug_line_str
                0x0000000000000238       0xbb build/framebuffer.o
 .debug_line_str
                0x0000000000000238      0x225 build/main.o
 .debug_line_str
                0x0000000000000238       0x9f build/mbox.o
 .debug_line_str
                0x0000000000000238       0xa3 build/ssp.o
 .debug_line_str
                0x0000000000000238       0xa6 build/uart.o

.debug_frame    0x0000000000000000      0x530
 .debug_frame   0x0000000000000000      0x120 build/controllerDriver.o
 .debug_frame   0x0000000000000120       0xd0 build/framebuffer.o
 .debug_frame   0x00000000000001f0      0x1f0 build/main.o
 .debug_frame   0x00000000000003e0       0x30 build/mbox.o
 .debug_frame   0x0000000000000410       0x30 build/ssp.o
 .debug_frame   0x0000000000000440       0xf0 build/uart.o
