
Discarded input sections

 .comment       0x0000000000000000       0x13 build/controllerDriver.o
 .comment       0x0000000000000000       0x13 build/framebuffer.o
 .comment       0x0000000000000000       0x13 build/main.o
 .comment       0x0000000000000000       0x13 build/mbox.o
 .comment       0x0000000000000000       0x13 build/ssp.o
 .comment       0x0000000000000000       0x13 build/uart.o

Memory Configuration

Name             Origin             Length             Attributes
*default*        0x0000000000000000 0xffffffffffffffff

Linker script and memory map

LOAD build/start.o
LOAD build/controllerDriver.o
LOAD build/framebuffer.o
LOAD build/main.o
LOAD build/mbox.o
LOAD build/ssp.o
LOAD build/uart.o
                0x0000000000080000                . = 0x80000

.text           0x0000000000080000     0x23ec
 *(.text.boot)
 .text.boot     0x0000000000080000       0x50 build/start.o
                0x0000000000080000                _start
 *(.text .text.* .gnu.linkonce.t*)
 .text          0x0000000000080050        0x0 build/start.o
 .text          0x0000000000080050      0x3c8 build/controllerDriver.o
                0x0000000000080050                initGPIO
                0x0000000000080150                writeLatch
                0x0000000000080194                writeClock
                0x00000000000801d8                readData
                0x00000000000801f0                wait
                0x0000000000080240                readSNES
                0x00000000000802d4                getSNES
                0x00000000000803c0                initSNES
 .text          0x0000000000080418      0x5d4 build/framebuffer.o
                0x0000000000080418                init_framebuffer
                0x000000000008071c                drawPixel
                0x0000000000080778                fillScreen
                0x00000000000807fc                drawRect
                0x00000000000808ec                drawImage
 .text          0x00000000000809ec     0x162c build/main.o
                0x00000000000809ec                printf
                0x0000000000080a0c                drawUI
                0x0000000000080a14                drawMap
                0x0000000000080bc4                drawEntities
                0x000000000008111c                checkCollision
                0x0000000000081324                updatePlayer
                0x0000000000081614                updateSaws
                0x0000000000081afc                updateFlames
                0x0000000000081b04                updateTimeRem
                0x0000000000081b80                main
                0x0000000000081c38                menu
                0x0000000000081e64                level1
 .text          0x0000000000082018       0xac build/mbox.o
                0x0000000000082018                mbox_call
 .text          0x00000000000820c4       0x1c build/ssp.o
                0x00000000000820c4                __stack_chk_fail
 .text          0x00000000000820e0      0x30c build/uart.o
                0x00000000000820e0                spin_for_cycles
                0x0000000000082114                uart_init
                0x0000000000082280                uart_send
                0x00000000000822c0                uart_getc
                0x0000000000082310                uart_puts
                0x000000000008236c                uart_hex

.iplt           0x00000000000823ec        0x0
 .iplt          0x00000000000823ec        0x0 build/start.o

.rodata         0x00000000000823f0    0xf8112
 *(.rodata .rodata.* .gnu.linkonce.r*)
 .rodata        0x00000000000823f0    0xf80f0 build/main.o
 .rodata        0x000000000017a4e0       0x22 build/ssp.o
                [!provide]                        PROVIDE (_data = .)

.rela.dyn       0x000000000017a508        0x0
 .rela.iplt     0x000000000017a508        0x0 build/start.o
 .rela.text.boot
                0x000000000017a508        0x0 build/start.o

.data           0x000000000017a508     0x1930
 *(.data .data.* .gnu.linkonce.d*)
 .data          0x000000000017a508        0x0 build/start.o
 .data          0x000000000017a508       0x30 build/controllerDriver.o
                0x000000000017a508                gpfs
 .data          0x000000000017a538        0x0 build/framebuffer.o
 .data          0x000000000017a538     0x1900 build/main.o
                0x000000000017a538                level1Map
                0x000000000017b1b8                level1Entities
 .data          0x000000000017be38        0x0 build/mbox.o
 .data          0x000000000017be38        0x0 build/ssp.o
 .data          0x000000000017be38        0x0 build/uart.o

.igot.plt       0x000000000017be38        0x0
 .igot.plt      0x000000000017be38        0x0 build/start.o

.bss            0x000000000017be40     0x14e0
                0x000000000017be40                . = ALIGN (0x10)
                0x000000000017be40                __bss_start = .
 *(.bss .bss.*)
 .bss           0x000000000017be40        0x0 build/start.o
 .bss           0x000000000017be40        0x8 build/controllerDriver.o
                0x000000000017be40                current
                0x000000000017be44                previous
 .bss           0x000000000017be48       0x18 build/framebuffer.o
                0x000000000017be48                width
                0x000000000017be4c                height
                0x000000000017be50                pitch
                0x000000000017be58                framebuffer
 .bss           0x000000000017be60     0x1430 build/main.o
                0x000000000017be60                oldTime
                0x000000000017be64                pressedButtons
                0x000000000017be68                state
 .bss           0x000000000017d290       0x90 build/mbox.o
                0x000000000017d290                mbox
 .bss           0x000000000017d320        0x0 build/ssp.o
 .bss           0x000000000017d320        0x0 build/uart.o
 *(COMMON)
                0x000000000017d320                __bss_end = .
                0x000000000017d320                _end = .

/DISCARD/
 *(.comment)
 *(.gnu*)
 *(.note*)
 *(.eh_frame*)
                0x000000000000029c                __bss_size = ((__bss_end - __bss_start) >> 0x3)
OUTPUT(kernel8.elf elf64-littleaarch64)
LOAD linker stubs

.debug_info     0x0000000000000000     0x13ed
 .debug_info    0x0000000000000000      0x271 build/controllerDriver.o
 .debug_info    0x0000000000000271      0x347 build/framebuffer.o
 .debug_info    0x00000000000005b8      0xb6a build/main.o
 .debug_info    0x0000000000001122       0xba build/mbox.o
 .debug_info    0x00000000000011dc       0x68 build/ssp.o
 .debug_info    0x0000000000001244      0x1a9 build/uart.o

.debug_abbrev   0x0000000000000000      0x746
 .debug_abbrev  0x0000000000000000      0x130 build/controllerDriver.o
 .debug_abbrev  0x0000000000000130      0x132 build/framebuffer.o
 .debug_abbrev  0x0000000000000262      0x2c6 build/main.o
 .debug_abbrev  0x0000000000000528       0x98 build/mbox.o
 .debug_abbrev  0x00000000000005c0       0x60 build/ssp.o
 .debug_abbrev  0x0000000000000620      0x126 build/uart.o

.debug_aranges  0x0000000000000000      0x120
 .debug_aranges
                0x0000000000000000       0x30 build/controllerDriver.o
 .debug_aranges
                0x0000000000000030       0x30 build/framebuffer.o
 .debug_aranges
                0x0000000000000060       0x30 build/main.o
 .debug_aranges
                0x0000000000000090       0x30 build/mbox.o
 .debug_aranges
                0x00000000000000c0       0x30 build/ssp.o
 .debug_aranges
                0x00000000000000f0       0x30 build/uart.o

.debug_line     0x0000000000000000      0xcfc
 .debug_line    0x0000000000000000      0x182 build/controllerDriver.o
 .debug_line    0x0000000000000182      0x1b9 build/framebuffer.o
 .debug_line    0x000000000000033b      0x76d build/main.o
 .debug_line    0x0000000000000aa8       0x93 build/mbox.o
 .debug_line    0x0000000000000b3b       0x58 build/ssp.o
 .debug_line    0x0000000000000b93      0x169 build/uart.o

.debug_str      0x0000000000000000      0x3a1
 .debug_str     0x0000000000000000      0x3a1 build/controllerDriver.o
                                         0xe1 (size before relaxing)
 .debug_str     0x00000000000003a1       0xfe build/framebuffer.o
 .debug_str     0x00000000000003a1      0x2a5 build/main.o
 .debug_str     0x00000000000003a1       0x6d build/mbox.o
 .debug_str     0x00000000000003a1       0x51 build/ssp.o
 .debug_str     0x00000000000003a1       0xb3 build/uart.o

.debug_line_str
                0x0000000000000000      0x190
 .debug_line_str
                0x0000000000000000      0x190 build/controllerDriver.o
                                         0x9f (size before relaxing)
 .debug_line_str
                0x0000000000000190       0x97 build/framebuffer.o
 .debug_line_str
                0x0000000000000190      0x16b build/main.o
 .debug_line_str
                0x0000000000000190       0x7b build/mbox.o
 .debug_line_str
                0x0000000000000190       0x7f build/ssp.o
 .debug_line_str
                0x0000000000000190       0x82 build/uart.o

.debug_frame    0x0000000000000000      0x4f8
 .debug_frame   0x0000000000000000      0x120 build/controllerDriver.o
 .debug_frame   0x0000000000000120       0xd0 build/framebuffer.o
 .debug_frame   0x00000000000001f0      0x1b8 build/main.o
 .debug_frame   0x00000000000003a8       0x30 build/mbox.o
 .debug_frame   0x00000000000003d8       0x30 build/ssp.o
 .debug_frame   0x0000000000000408       0xf0 build/uart.o
