
Discarded input sections

 .comment       0x0000000000000000       0x13 build/controllerDriver.o
 .comment       0x0000000000000000       0x13 build/framebuffer.o
 .comment       0x0000000000000000       0x13 build/main.o
 .comment       0x0000000000000000       0x13 build/mbox.o
 .comment       0x0000000000000000       0x13 build/random.o
 .comment       0x0000000000000000       0x13 build/ssp.o
 .comment       0x0000000000000000       0x13 build/uart.o

Memory Configuration

Name             Origin             Length             Attributes
*default*        0x0000000000000000 0xffffffffffffffff

Linker script and memory map

LOAD build/start.o
LOAD build/controllerDriver.o
LOAD build/framebuffer.o
LOAD build/main.o
LOAD build/mbox.o
LOAD build/random.o
LOAD build/ssp.o
LOAD build/uart.o
                0x0000000000080000                . = 0x80000

.text           0x0000000000080000     0x52cc
 *(.text.boot)
 .text.boot     0x0000000000080000       0x50 build/start.o
                0x0000000000080000                _start
 *(.text .text.* .gnu.linkonce.t*)
 .text          0x0000000000080050        0x0 build/start.o
 .text          0x0000000000080050      0x3a8 build/controllerDriver.o
                0x0000000000080050                initGPIO
                0x0000000000080150                writeLatch
                0x0000000000080194                writeClock
                0x00000000000801d8                readData
                0x00000000000801f0                wait
                0x0000000000080240                readSNES
                0x00000000000802d4                getSNES
                0x00000000000803a0                initSNES
 .text          0x00000000000803f8      0x5d4 build/framebuffer.o
                0x00000000000803f8                init_framebuffer
                0x00000000000806fc                drawPixel
                0x0000000000080758                fillScreen
                0x00000000000807dc                drawRect
                0x00000000000808cc                drawImage
 .text          0x00000000000809cc     0x44ec build/main.o
                0x00000000000809cc                printf
                0x00000000000809ec                updateTimeRem
                0x0000000000080a20                updateScore
                0x0000000000080a80                winMenu
                0x00000000000811f0                loseMenu
                0x0000000000081960                drawUI
                0x0000000000081a44                updateUI
                0x0000000000082a44                drawPauseMenu
                0x0000000000082c70                drawTile
                0x0000000000082f30                drawMap
                0x0000000000082f94                drawEntities
                0x0000000000083904                checkCollision
                0x0000000000083e70                updatePlayer
                0x00000000000840fc                updateSaws
                0x00000000000845a8                updateFlames
                0x0000000000084830                main
                0x000000000008493c                menu
                0x0000000000084b80                initLevel
                0x0000000000084d08                level
 .text          0x0000000000084eb8       0xac build/mbox.o
                0x0000000000084eb8                mbox_call
 .text          0x0000000000084f64       0x40 build/random.o
                0x0000000000084f64                rand
 .text          0x0000000000084fa4       0x1c build/ssp.o
                0x0000000000084fa4                __stack_chk_fail
 .text          0x0000000000084fc0      0x30c build/uart.o
                0x0000000000084fc0                spin_for_cycles
                0x0000000000084ff4                uart_init
                0x0000000000085160                uart_send
                0x00000000000851a0                uart_getc
                0x00000000000851f0                uart_puts
                0x000000000008524c                uart_hex

.iplt           0x00000000000852cc        0x0
 .iplt          0x00000000000852cc        0x0 build/start.o

.rodata         0x00000000000852d0   0x6623b2
 *(.rodata .rodata.* .gnu.linkonce.r*)
 .rodata        0x00000000000852d0   0x662390 build/main.o
 .rodata        0x00000000006e7660       0x22 build/ssp.o
                [!provide]                        PROVIDE (_data = .)

.rela.dyn       0x00000000006e7688        0x0
 .rela.iplt     0x00000000006e7688        0x0 build/start.o
 .rela.text.boot
                0x00000000006e7688        0x0 build/start.o

.data           0x00000000006e7688     0x2838
 *(.data .data.* .gnu.linkonce.d*)
 .data          0x00000000006e7688        0x0 build/start.o
 .data          0x00000000006e7688       0x30 build/controllerDriver.o
                0x00000000006e7688                gpfs
 .data          0x00000000006e76b8        0x0 build/framebuffer.o
 .data          0x00000000006e76b8     0x2808 build/main.o
                0x00000000006e76b8                displayTime
                0x00000000006e76c0                level1Map
                0x00000000006e80c0                level1Entities
                0x00000000006e8ac0                level2Map
                0x00000000006e94c0                level2Entities
 .data          0x00000000006e9ec0        0x0 build/mbox.o
 .data          0x00000000006e9ec0        0x0 build/random.o
 .data          0x00000000006e9ec0        0x0 build/ssp.o
 .data          0x00000000006e9ec0        0x0 build/uart.o

.igot.plt       0x00000000006e9ec0        0x0
 .igot.plt      0x00000000006e9ec0        0x0 build/start.o

.bss            0x00000000006e9ec0     0x1504
                0x00000000006e9ec0                . = ALIGN (0x10)
                0x00000000006e9ec0                __bss_start = .
 *(.bss .bss.*)
 .bss           0x00000000006e9ec0        0x0 build/start.o
 .bss           0x00000000006e9ec0        0x8 build/controllerDriver.o
                0x00000000006e9ec0                current
                0x00000000006e9ec4                previous
 .bss           0x00000000006e9ec8       0x18 build/framebuffer.o
                0x00000000006e9ec8                width
                0x00000000006e9ecc                height
                0x00000000006e9ed0                pitch
                0x00000000006e9ed8                framebuffer
 .bss           0x00000000006e9ee0     0x1448 build/main.o
                0x00000000006e9ee0                pressedButtons
                0x00000000006e9ee8                state
 *fill*         0x00000000006eb328        0x8 
 .bss           0x00000000006eb330       0x90 build/mbox.o
                0x00000000006eb330                mbox
 .bss           0x00000000006eb3c0        0x4 build/random.o
                0x00000000006eb3c0                rseed
 .bss           0x00000000006eb3c4        0x0 build/ssp.o
 .bss           0x00000000006eb3c4        0x0 build/uart.o
 *(COMMON)
                0x00000000006eb3c4                __bss_end = .
                0x00000000006eb3c4                _end = .

/DISCARD/
 *(.comment)
 *(.gnu*)
 *(.note*)
 *(.eh_frame*)
                0x00000000000002a0                __bss_size = ((__bss_end - __bss_start) >> 0x3)
OUTPUT(kernel8.elf elf64-littleaarch64)
LOAD linker stubs

.debug_info     0x0000000000000000     0x2dcf
 .debug_info    0x0000000000000000      0x271 build/controllerDriver.o
 .debug_info    0x0000000000000271      0x347 build/framebuffer.o
 .debug_info    0x00000000000005b8     0x24e2 build/main.o
 .debug_info    0x0000000000002a9a       0xba build/mbox.o
 .debug_info    0x0000000000002b54       0x6a build/random.o
 .debug_info    0x0000000000002bbe       0x68 build/ssp.o
 .debug_info    0x0000000000002c26      0x1a9 build/uart.o

.debug_abbrev   0x0000000000000000      0x7f4
 .debug_abbrev  0x0000000000000000      0x130 build/controllerDriver.o
 .debug_abbrev  0x0000000000000130      0x132 build/framebuffer.o
 .debug_abbrev  0x0000000000000262      0x329 build/main.o
 .debug_abbrev  0x000000000000058b       0x98 build/mbox.o
 .debug_abbrev  0x0000000000000623       0x4b build/random.o
 .debug_abbrev  0x000000000000066e       0x60 build/ssp.o
 .debug_abbrev  0x00000000000006ce      0x126 build/uart.o

.debug_aranges  0x0000000000000000      0x150
 .debug_aranges
                0x0000000000000000       0x30 build/controllerDriver.o
 .debug_aranges
                0x0000000000000030       0x30 build/framebuffer.o
 .debug_aranges
                0x0000000000000060       0x30 build/main.o
 .debug_aranges
                0x0000000000000090       0x30 build/mbox.o
 .debug_aranges
                0x00000000000000c0       0x30 build/random.o
 .debug_aranges
                0x00000000000000f0       0x30 build/ssp.o
 .debug_aranges
                0x0000000000000120       0x30 build/uart.o

.debug_line     0x0000000000000000     0x1c8e
 .debug_line    0x0000000000000000      0x178 build/controllerDriver.o
 .debug_line    0x0000000000000178      0x1b9 build/framebuffer.o
 .debug_line    0x0000000000000331     0x16ab build/main.o
 .debug_line    0x00000000000019dc       0x93 build/mbox.o
 .debug_line    0x0000000000001a6f       0x5e build/random.o
 .debug_line    0x0000000000001acd       0x58 build/ssp.o
 .debug_line    0x0000000000001b25      0x169 build/uart.o

.debug_str      0x0000000000000000      0x648
 .debug_str     0x0000000000000000      0x648 build/controllerDriver.o
                                         0xe1 (size before relaxing)
 .debug_str     0x0000000000000648       0xfe build/framebuffer.o
 .debug_str     0x0000000000000648      0x56b build/main.o
 .debug_str     0x0000000000000648       0x6d build/mbox.o
 .debug_str     0x0000000000000648       0x3c build/random.o
 .debug_str     0x0000000000000648       0x51 build/ssp.o
 .debug_str     0x0000000000000648       0xb3 build/uart.o

.debug_line_str
                0x0000000000000000      0x426
 .debug_line_str
                0x0000000000000000      0x426 build/controllerDriver.o
                                         0x9f (size before relaxing)
 .debug_line_str
                0x0000000000000426       0x97 build/framebuffer.o
 .debug_line_str
                0x0000000000000426      0x40e build/main.o
 .debug_line_str
                0x0000000000000426       0x7b build/mbox.o
 .debug_line_str
                0x0000000000000426       0x81 build/random.o
 .debug_line_str
                0x0000000000000426       0x7f build/ssp.o
 .debug_line_str
                0x0000000000000426       0x82 build/uart.o

.debug_frame    0x0000000000000000      0x658
 .debug_frame   0x0000000000000000      0x120 build/controllerDriver.o
 .debug_frame   0x0000000000000120       0xd0 build/framebuffer.o
 .debug_frame   0x00000000000001f0      0x2f0 build/main.o
 .debug_frame   0x00000000000004e0       0x30 build/mbox.o
 .debug_frame   0x0000000000000510       0x28 build/random.o
 .debug_frame   0x0000000000000538       0x30 build/ssp.o
 .debug_frame   0x0000000000000568       0xf0 build/uart.o
