
Discarded input sections

 .comment       0x0000000000000000       0x13 build/controllerDriver.o
 .comment       0x0000000000000000       0x13 build/framebuffer.o
 .comment       0x0000000000000000       0x13 build/main.o
 .comment       0x0000000000000000       0x13 build/mbox.o
 .comment       0x0000000000000000       0x13 build/ssp.o
 .comment       0x0000000000000000       0x13 build/uart.o

Memory Configuration

Name             Origin             Length             Attributes
*default*        0x0000000000000000 0xffffffffffffffff

Linker script and memory map

LOAD build/start.o
LOAD build/controllerDriver.o
LOAD build/framebuffer.o
LOAD build/main.o
LOAD build/mbox.o
LOAD build/ssp.o
LOAD build/uart.o
                0x0000000000080000                . = 0x80000

.text           0x0000000000080000     0x1b60
 *(.text.boot)
 .text.boot     0x0000000000080000       0x50 build/start.o
                0x0000000000080000                _start
 *(.text .text.* .gnu.linkonce.t*)
 .text          0x0000000000080050        0x0 build/start.o
 .text          0x0000000000080050      0x3c8 build/controllerDriver.o
                0x0000000000080050                initGPIO
                0x0000000000080150                writeLatch
                0x0000000000080194                writeClock
                0x00000000000801d8                readData
                0x00000000000801f0                wait
                0x0000000000080240                readSNES
                0x00000000000802d4                getSNES
                0x00000000000803c0                initSNES
 .text          0x0000000000080418      0x5d4 build/framebuffer.o
                0x0000000000080418                init_framebuffer
                0x000000000008071c                drawPixel
                0x0000000000080778                fillScreen
                0x00000000000807fc                drawRect
                0x00000000000808ec                drawImage
 .text          0x00000000000809ec      0xda0 build/main.o
                0x00000000000809ec                printf
                0x0000000000080a0c                drawUI
                0x0000000000080a14                drawMap
                0x0000000000080bc4                drawEntities
                0x0000000000080de4                checkCollision
                0x0000000000080fe0                updatePlayer
                0x00000000000812b8                updateTimeRem
                0x0000000000081334                main
                0x00000000000813ec                menu
                0x0000000000081618                level1
 .text          0x000000000008178c       0xac build/mbox.o
                0x000000000008178c                mbox_call
 .text          0x0000000000081838       0x1c build/ssp.o
                0x0000000000081838                __stack_chk_fail
 .text          0x0000000000081854      0x30c build/uart.o
                0x0000000000081854                spin_for_cycles
                0x0000000000081888                uart_init
                0x00000000000819f4                uart_send
                0x0000000000081a34                uart_getc
                0x0000000000081a84                uart_puts
                0x0000000000081ae0                uart_hex

.iplt           0x0000000000081b60        0x0
 .iplt          0x0000000000081b60        0x0 build/start.o

.rodata         0x0000000000081b60    0xf10aa
 *(.rodata .rodata.* .gnu.linkonce.r*)
 .rodata        0x0000000000081b60    0xf1084 build/main.o
 *fill*         0x0000000000172be4        0x4 
 .rodata        0x0000000000172be8       0x22 build/ssp.o
                [!provide]                        PROVIDE (_data = .)

.rela.dyn       0x0000000000172c10        0x0
 .rela.iplt     0x0000000000172c10        0x0 build/start.o
 .rela.text.boot
                0x0000000000172c10        0x0 build/start.o

.data           0x0000000000172c10     0x1930
 *(.data .data.* .gnu.linkonce.d*)
 .data          0x0000000000172c10        0x0 build/start.o
 .data          0x0000000000172c10       0x30 build/controllerDriver.o
                0x0000000000172c10                gpfs
 .data          0x0000000000172c40        0x0 build/framebuffer.o
 .data          0x0000000000172c40     0x1900 build/main.o
                0x0000000000172c40                level1Map
                0x00000000001738c0                level1Entities
 .data          0x0000000000174540        0x0 build/mbox.o
 .data          0x0000000000174540        0x0 build/ssp.o
 .data          0x0000000000174540        0x0 build/uart.o

.igot.plt       0x0000000000174540        0x0
 .igot.plt      0x0000000000174540        0x0 build/start.o

.bss            0x0000000000174540     0x14d0
                0x0000000000174540                . = ALIGN (0x10)
                0x0000000000174540                __bss_start = .
 *(.bss .bss.*)
 .bss           0x0000000000174540        0x0 build/start.o
 .bss           0x0000000000174540        0x8 build/controllerDriver.o
                0x0000000000174540                current
                0x0000000000174544                previous
 .bss           0x0000000000174548       0x18 build/framebuffer.o
                0x0000000000174548                width
                0x000000000017454c                height
                0x0000000000174550                pitch
                0x0000000000174558                framebuffer
 .bss           0x0000000000174560     0x1418 build/main.o
                0x0000000000174560                oldTime
                0x0000000000174564                pressedButtons
                0x0000000000174568                state
 *fill*         0x0000000000175978        0x8 
 .bss           0x0000000000175980       0x90 build/mbox.o
                0x0000000000175980                mbox
 .bss           0x0000000000175a10        0x0 build/ssp.o
 .bss           0x0000000000175a10        0x0 build/uart.o
 *(COMMON)
                0x0000000000175a10                __bss_end = .
                0x0000000000175a10                _end = .

/DISCARD/
 *(.comment)
 *(.gnu*)
 *(.note*)
 *(.eh_frame*)
                0x000000000000029a                __bss_size = ((__bss_end - __bss_start) >> 0x3)
OUTPUT(kernel8.elf elf64-littleaarch64)
LOAD linker stubs

.debug_info     0x0000000000000000     0x10d3
 .debug_info    0x0000000000000000      0x271 build/controllerDriver.o
 .debug_info    0x0000000000000271      0x347 build/framebuffer.o
 .debug_info    0x00000000000005b8      0x850 build/main.o
 .debug_info    0x0000000000000e08       0xba build/mbox.o
 .debug_info    0x0000000000000ec2       0x68 build/ssp.o
 .debug_info    0x0000000000000f2a      0x1a9 build/uart.o

.debug_abbrev   0x0000000000000000      0x71b
 .debug_abbrev  0x0000000000000000      0x130 build/controllerDriver.o
 .debug_abbrev  0x0000000000000130      0x132 build/framebuffer.o
 .debug_abbrev  0x0000000000000262      0x29b build/main.o
 .debug_abbrev  0x00000000000004fd       0x98 build/mbox.o
 .debug_abbrev  0x0000000000000595       0x60 build/ssp.o
 .debug_abbrev  0x00000000000005f5      0x126 build/uart.o

.debug_aranges  0x0000000000000000      0x120
 .debug_aranges
                0x0000000000000000       0x30 build/controllerDriver.o
 .debug_aranges
                0x0000000000000030       0x30 build/framebuffer.o
 .debug_aranges
                0x0000000000000060       0x30 build/main.o
 .debug_aranges
                0x0000000000000090       0x30 build/mbox.o
 .debug_aranges
                0x00000000000000c0       0x30 build/ssp.o
 .debug_aranges
                0x00000000000000f0       0x30 build/uart.o

.debug_line     0x0000000000000000      0xa88
 .debug_line    0x0000000000000000      0x182 build/controllerDriver.o
 .debug_line    0x0000000000000182      0x1b9 build/framebuffer.o
 .debug_line    0x000000000000033b      0x4f9 build/main.o
 .debug_line    0x0000000000000834       0x93 build/mbox.o
 .debug_line    0x00000000000008c7       0x58 build/ssp.o
 .debug_line    0x000000000000091f      0x169 build/uart.o

.debug_str      0x0000000000000000      0x349
 .debug_str     0x0000000000000000      0x349 build/controllerDriver.o
                                         0xe1 (size before relaxing)
 .debug_str     0x0000000000000349       0xfe build/framebuffer.o
 .debug_str     0x0000000000000349      0x24d build/main.o
 .debug_str     0x0000000000000349       0x6d build/mbox.o
 .debug_str     0x0000000000000349       0x51 build/ssp.o
 .debug_str     0x0000000000000349       0xb3 build/uart.o

.debug_line_str
                0x0000000000000000      0x157
 .debug_line_str
                0x0000000000000000      0x157 build/controllerDriver.o
                                         0x9f (size before relaxing)
 .debug_line_str
                0x0000000000000157       0x97 build/framebuffer.o
 .debug_line_str
                0x0000000000000157      0x132 build/main.o
 .debug_line_str
                0x0000000000000157       0x7b build/mbox.o
 .debug_line_str
                0x0000000000000157       0x7f build/ssp.o
 .debug_line_str
                0x0000000000000157       0x82 build/uart.o

.debug_frame    0x0000000000000000      0x4c0
 .debug_frame   0x0000000000000000      0x120 build/controllerDriver.o
 .debug_frame   0x0000000000000120       0xd0 build/framebuffer.o
 .debug_frame   0x00000000000001f0      0x180 build/main.o
 .debug_frame   0x0000000000000370       0x30 build/mbox.o
 .debug_frame   0x00000000000003a0       0x30 build/ssp.o
 .debug_frame   0x00000000000003d0       0xf0 build/uart.o
